Archive member included to satisfy reference by file (symbol)

c:/program files (x86)/atmel/studio/7.0/toolchain/avr8/avr8-gnu-toolchain/bin/../lib/gcc/avr/5.4.0/../../../../avr/lib/avr5\libm.a(addsf3.o)
                              main.o (__subsf3)
c:/program files (x86)/atmel/studio/7.0/toolchain/avr8/avr8-gnu-toolchain/bin/../lib/gcc/avr/5.4.0/../../../../avr/lib/avr5\libm.a(addsf3x.o)
                              c:/program files (x86)/atmel/studio/7.0/toolchain/avr8/avr8-gnu-toolchain/bin/../lib/gcc/avr/5.4.0/../../../../avr/lib/avr5\libm.a(addsf3.o) (__addsf3x)
c:/program files (x86)/atmel/studio/7.0/toolchain/avr8/avr8-gnu-toolchain/bin/../lib/gcc/avr/5.4.0/../../../../avr/lib/avr5\libm.a(divsf3.o)
                              main.o (__divsf3)
c:/program files (x86)/atmel/studio/7.0/toolchain/avr8/avr8-gnu-toolchain/bin/../lib/gcc/avr/5.4.0/../../../../avr/lib/avr5\libm.a(divsf3x.o)
                              c:/program files (x86)/atmel/studio/7.0/toolchain/avr8/avr8-gnu-toolchain/bin/../lib/gcc/avr/5.4.0/../../../../avr/lib/avr5\libm.a(divsf3.o) (__divsf3x)
c:/program files (x86)/atmel/studio/7.0/toolchain/avr8/avr8-gnu-toolchain/bin/../lib/gcc/avr/5.4.0/../../../../avr/lib/avr5\libm.a(floatsisf.o)
                              main.o (__floatunsisf)
c:/program files (x86)/atmel/studio/7.0/toolchain/avr8/avr8-gnu-toolchain/bin/../lib/gcc/avr/5.4.0/../../../../avr/lib/avr5\libm.a(fp_inf.o)
                              c:/program files (x86)/atmel/studio/7.0/toolchain/avr8/avr8-gnu-toolchain/bin/../lib/gcc/avr/5.4.0/../../../../avr/lib/avr5\libm.a(addsf3x.o) (__fp_inf)
c:/program files (x86)/atmel/studio/7.0/toolchain/avr8/avr8-gnu-toolchain/bin/../lib/gcc/avr/5.4.0/../../../../avr/lib/avr5\libm.a(fp_nan.o)
                              c:/program files (x86)/atmel/studio/7.0/toolchain/avr8/avr8-gnu-toolchain/bin/../lib/gcc/avr/5.4.0/../../../../avr/lib/avr5\libm.a(addsf3x.o) (__fp_nan)
c:/program files (x86)/atmel/studio/7.0/toolchain/avr8/avr8-gnu-toolchain/bin/../lib/gcc/avr/5.4.0/../../../../avr/lib/avr5\libm.a(fp_pscA.o)
                              c:/program files (x86)/atmel/studio/7.0/toolchain/avr8/avr8-gnu-toolchain/bin/../lib/gcc/avr/5.4.0/../../../../avr/lib/avr5\libm.a(addsf3x.o) (__fp_pscA)
c:/program files (x86)/atmel/studio/7.0/toolchain/avr8/avr8-gnu-toolchain/bin/../lib/gcc/avr/5.4.0/../../../../avr/lib/avr5\libm.a(fp_pscB.o)
                              c:/program files (x86)/atmel/studio/7.0/toolchain/avr8/avr8-gnu-toolchain/bin/../lib/gcc/avr/5.4.0/../../../../avr/lib/avr5\libm.a(addsf3x.o) (__fp_pscB)
c:/program files (x86)/atmel/studio/7.0/toolchain/avr8/avr8-gnu-toolchain/bin/../lib/gcc/avr/5.4.0/../../../../avr/lib/avr5\libm.a(fp_round.o)
                              c:/program files (x86)/atmel/studio/7.0/toolchain/avr8/avr8-gnu-toolchain/bin/../lib/gcc/avr/5.4.0/../../../../avr/lib/avr5\libm.a(addsf3.o) (__fp_round)
c:/program files (x86)/atmel/studio/7.0/toolchain/avr8/avr8-gnu-toolchain/bin/../lib/gcc/avr/5.4.0/../../../../avr/lib/avr5\libm.a(fp_split3.o)
                              c:/program files (x86)/atmel/studio/7.0/toolchain/avr8/avr8-gnu-toolchain/bin/../lib/gcc/avr/5.4.0/../../../../avr/lib/avr5\libm.a(addsf3x.o) (__fp_split3)
c:/program files (x86)/atmel/studio/7.0/toolchain/avr8/avr8-gnu-toolchain/bin/../lib/gcc/avr/5.4.0/../../../../avr/lib/avr5\libm.a(fp_zero.o)
                              c:/program files (x86)/atmel/studio/7.0/toolchain/avr8/avr8-gnu-toolchain/bin/../lib/gcc/avr/5.4.0/../../../../avr/lib/avr5\libm.a(addsf3x.o) (__fp_zero)
c:/program files (x86)/atmel/studio/7.0/toolchain/avr8/avr8-gnu-toolchain/bin/../lib/gcc/avr/5.4.0/../../../../avr/lib/avr5\libm.a(mulsf3.o)
                              main.o (__mulsf3)
c:/program files (x86)/atmel/studio/7.0/toolchain/avr8/avr8-gnu-toolchain/bin/../lib/gcc/avr/5.4.0/../../../../avr/lib/avr5\libm.a(mulsf3x.o)
                              c:/program files (x86)/atmel/studio/7.0/toolchain/avr8/avr8-gnu-toolchain/bin/../lib/gcc/avr/5.4.0/../../../../avr/lib/avr5\libm.a(mulsf3.o) (__mulsf3x)
c:/program files (x86)/atmel/studio/7.0/toolchain/avr8/avr8-gnu-toolchain/bin/../lib/gcc/avr/5.4.0/avr5\libgcc.a(_exit.o)
                              C:/Program Files (x86)/Atmel/Studio/7.0/Packs/atmel/ATmega_DFP/1.6.364/gcc/dev/atmega32/avr5/crtatmega32.o (exit)
c:/program files (x86)/atmel/studio/7.0/toolchain/avr8/avr8-gnu-toolchain/bin/../lib/gcc/avr/5.4.0/avr5\libgcc.a(_copy_data.o)
                              basics/PINS_Direction.o (__do_copy_data)
c:/program files (x86)/atmel/studio/7.0/toolchain/avr8/avr8-gnu-toolchain/bin/../lib/gcc/avr/5.4.0/avr5\libgcc.a(_clear_bss.o)
                              interrupt/External_interrupt.o (__do_clear_bss)
c:/program files (x86)/atmel/studio/7.0/toolchain/avr8/avr8-gnu-toolchain/bin/../lib/gcc/avr/5.4.0/../../../../avr/lib/avr5\libc.a(dtostrf.o)
                              main.o (dtostrf)
c:/program files (x86)/atmel/studio/7.0/toolchain/avr8/avr8-gnu-toolchain/bin/../lib/gcc/avr/5.4.0/../../../../avr/lib/avr5\libc.a(itoa_ncheck.o)
                              DHT/DHT_Program.o (__itoa_ncheck)
c:/program files (x86)/atmel/studio/7.0/toolchain/avr8/avr8-gnu-toolchain/bin/../lib/gcc/avr/5.4.0/../../../../avr/lib/avr5\libc.a(utoa_ncheck.o)
                              c:/program files (x86)/atmel/studio/7.0/toolchain/avr8/avr8-gnu-toolchain/bin/../lib/gcc/avr/5.4.0/../../../../avr/lib/avr5\libc.a(itoa_ncheck.o) (__utoa_common)
c:/program files (x86)/atmel/studio/7.0/toolchain/avr8/avr8-gnu-toolchain/bin/../lib/gcc/avr/5.4.0/../../../../avr/lib/avr5\libc.a(dtoa_prf.o)
                              c:/program files (x86)/atmel/studio/7.0/toolchain/avr8/avr8-gnu-toolchain/bin/../lib/gcc/avr/5.4.0/../../../../avr/lib/avr5\libc.a(dtostrf.o) (dtoa_prf)
c:/program files (x86)/atmel/studio/7.0/toolchain/avr8/avr8-gnu-toolchain/bin/../lib/gcc/avr/5.4.0/../../../../avr/lib/avr5\libc.a(ftoa_engine.o)
                              c:/program files (x86)/atmel/studio/7.0/toolchain/avr8/avr8-gnu-toolchain/bin/../lib/gcc/avr/5.4.0/../../../../avr/lib/avr5\libc.a(dtoa_prf.o) (__ftoa_engine)
c:/program files (x86)/atmel/studio/7.0/toolchain/avr8/avr8-gnu-toolchain/bin/../lib/gcc/avr/5.4.0/../../../../avr/lib/avr5\libc.a(strrev.o)
                              c:/program files (x86)/atmel/studio/7.0/toolchain/avr8/avr8-gnu-toolchain/bin/../lib/gcc/avr/5.4.0/../../../../avr/lib/avr5\libc.a(utoa_ncheck.o) (strrev)
c:/program files (x86)/atmel/studio/7.0/toolchain/avr8/avr8-gnu-toolchain/bin/../lib/gcc/avr/5.4.0/avr5\libgcc.a(_prologue.o)
                              c:/program files (x86)/atmel/studio/7.0/toolchain/avr8/avr8-gnu-toolchain/bin/../lib/gcc/avr/5.4.0/../../../../avr/lib/avr5\libc.a(dtoa_prf.o) (__prologue_saves__)
c:/program files (x86)/atmel/studio/7.0/toolchain/avr8/avr8-gnu-toolchain/bin/../lib/gcc/avr/5.4.0/avr5\libgcc.a(_epilogue.o)
                              c:/program files (x86)/atmel/studio/7.0/toolchain/avr8/avr8-gnu-toolchain/bin/../lib/gcc/avr/5.4.0/../../../../avr/lib/avr5\libc.a(dtoa_prf.o) (__epilogue_restores__)

Allocating common symbols
Common symbol       size              file

p2f0                0x2               interrupt/External_interrupt.o
p3f                 0x2               Timer/timer.o
D_RH                0x1               main.o
CheckSum            0x1               main.o
I_Temp              0x1               main.o
I_RH                0x1               main.o
p2f1                0x2               interrupt/External_interrupt.o
p2f2                0x2               interrupt/External_interrupt.o
D_Temp              0x1               main.o
p4f                 0x2               Timer/timer.o
p2f                 0x2               Timer/timer.o

Discarded input sections

 .data          0x00000000        0x0 C:/Program Files (x86)/Atmel/Studio/7.0/Packs/atmel/ATmega_DFP/1.6.364/gcc/dev/atmega32/avr5/crtatmega32.o
 .bss           0x00000000        0x0 C:/Program Files (x86)/Atmel/Studio/7.0/Packs/atmel/ATmega_DFP/1.6.364/gcc/dev/atmega32/avr5/crtatmega32.o
 .group         0x00000000        0x8 ADC/ADC_program.o
 .group         0x00000000        0x8 ADC/ADC_program.o
 .group         0x00000000        0x8 ADC/ADC_program.o
 .group         0x00000000        0x8 ADC/ADC_program.o
 .group         0x00000000        0x8 ADC/ADC_program.o
 .group         0x00000000        0x8 ADC/ADC_program.o
 .group         0x00000000        0x8 ADC/ADC_program.o
 .group         0x00000000        0x8 ADC/ADC_program.o
 .group         0x00000000        0x8 ADC/ADC_program.o
 .group         0x00000000        0x8 ADC/ADC_program.o
 .group         0x00000000        0x8 ADC/ADC_program.o
 .group         0x00000000        0x8 ADC/ADC_program.o
 .group         0x00000000        0x8 ADC/ADC_program.o
 .group         0x00000000        0x8 ADC/ADC_program.o
 .group         0x00000000        0x8 ADC/ADC_program.o
 .group         0x00000000        0x8 ADC/ADC_program.o
 .group         0x00000000        0x8 ADC/ADC_program.o
 .text          0x00000000        0x0 ADC/ADC_program.o
 .data          0x00000000        0x0 ADC/ADC_program.o
 .bss           0x00000000        0x0 ADC/ADC_program.o
 .group         0x00000000        0x8 basics/PINS_Direction.o
 .group         0x00000000        0x8 basics/PINS_Direction.o
 .group         0x00000000        0x8 basics/PINS_Direction.o
 .group         0x00000000        0x8 basics/PINS_Direction.o
 .group         0x00000000        0x8 basics/PINS_Direction.o
 .group         0x00000000        0x8 basics/PINS_Direction.o
 .group         0x00000000        0x8 basics/PINS_Direction.o
 .group         0x00000000        0x8 basics/PINS_Direction.o
 .group         0x00000000        0x8 basics/PINS_Direction.o
 .group         0x00000000        0x8 basics/PINS_Direction.o
 .group         0x00000000        0x8 basics/PINS_Direction.o
 .group         0x00000000        0x8 basics/PINS_Direction.o
 .group         0x00000000        0x8 basics/PINS_Direction.o
 .group         0x00000000        0x8 basics/PINS_Direction.o
 .group         0x00000000        0x8 basics/PINS_Direction.o
 .group         0x00000000        0x8 basics/PINS_Direction.o
 .text          0x00000000        0x0 basics/PINS_Direction.o
 .data          0x00000000        0x0 basics/PINS_Direction.o
 .bss           0x00000000        0x0 basics/PINS_Direction.o
 .debug_macro   0x00000000      0xa4e basics/PINS_Direction.o
 .debug_macro   0x00000000       0x10 basics/PINS_Direction.o
 .debug_macro   0x00000000       0x10 basics/PINS_Direction.o
 .debug_macro   0x00000000      0x1c9 basics/PINS_Direction.o
 .debug_macro   0x00000000      0x2fc basics/PINS_Direction.o
 .debug_macro   0x00000000       0x9e basics/PINS_Direction.o
 .debug_macro   0x00000000      0xc24 basics/PINS_Direction.o
 .debug_macro   0x00000000      0x170 basics/PINS_Direction.o
 .debug_macro   0x00000000       0xbd basics/PINS_Direction.o
 .debug_macro   0x00000000       0x34 basics/PINS_Direction.o
 .debug_macro   0x00000000       0x18 basics/PINS_Direction.o
 .debug_macro   0x00000000       0x6c basics/PINS_Direction.o
 .debug_macro   0x00000000      0x2dc basics/PINS_Direction.o
 .debug_macro   0x00000000       0x22 basics/PINS_Direction.o
 .debug_macro   0x00000000      0x27b basics/PINS_Direction.o
 .debug_macro   0x00000000       0x10 basics/PINS_Direction.o
 .group         0x00000000        0x8 DC Motor/DC_MOTOR_program.o
 .group         0x00000000        0x8 DC Motor/DC_MOTOR_program.o
 .group         0x00000000        0x8 DC Motor/DC_MOTOR_program.o
 .group         0x00000000        0x8 DC Motor/DC_MOTOR_program.o
 .group         0x00000000        0x8 DC Motor/DC_MOTOR_program.o
 .group         0x00000000        0x8 DC Motor/DC_MOTOR_program.o
 .group         0x00000000        0x8 DC Motor/DC_MOTOR_program.o
 .group         0x00000000        0x8 DC Motor/DC_MOTOR_program.o
 .group         0x00000000        0x8 DC Motor/DC_MOTOR_program.o
 .group         0x00000000        0x8 DC Motor/DC_MOTOR_program.o
 .group         0x00000000        0x8 DC Motor/DC_MOTOR_program.o
 .group         0x00000000        0x8 DC Motor/DC_MOTOR_program.o
 .group         0x00000000        0x8 DC Motor/DC_MOTOR_program.o
 .group         0x00000000        0x8 DC Motor/DC_MOTOR_program.o
 .group         0x00000000        0x8 DC Motor/DC_MOTOR_program.o
 .group         0x00000000        0x8 DC Motor/DC_MOTOR_program.o
 .group         0x00000000        0x8 DC Motor/DC_MOTOR_program.o
 .text          0x00000000        0x0 DC Motor/DC_MOTOR_program.o
 .data          0x00000000        0x0 DC Motor/DC_MOTOR_program.o
 .bss           0x00000000        0x0 DC Motor/DC_MOTOR_program.o
 .text.DCMOTOR_Init
                0x00000000        0x6 DC Motor/DC_MOTOR_program.o
 .text.DCMOTOR_SEtDIR
                0x00000000        0xa DC Motor/DC_MOTOR_program.o
 .text.DCMOTOR_SETSPEED
                0x00000000       0x10 DC Motor/DC_MOTOR_program.o
 .text.DCMOTOR_Start
                0x00000000        0x6 DC Motor/DC_MOTOR_program.o
 .text.DCMOTOR_Stop
                0x00000000        0xa DC Motor/DC_MOTOR_program.o
 .text.DCMOTOR_RIGHT
                0x00000000        0x6 DC Motor/DC_MOTOR_program.o
 .text.DCMOTOR_LEFT
                0x00000000        0x6 DC Motor/DC_MOTOR_program.o
 .text.RIGHT    0x00000000       0x10 DC Motor/DC_MOTOR_program.o
 .text.LEFT     0x00000000       0x10 DC Motor/DC_MOTOR_program.o
 .debug_info    0x00000000      0x285 DC Motor/DC_MOTOR_program.o
 .debug_abbrev  0x00000000      0x115 DC Motor/DC_MOTOR_program.o
 .debug_loc     0x00000000       0x5c DC Motor/DC_MOTOR_program.o
 .debug_aranges
                0x00000000       0x60 DC Motor/DC_MOTOR_program.o
 .debug_ranges  0x00000000       0x50 DC Motor/DC_MOTOR_program.o
 .debug_macro   0x00000000       0xed DC Motor/DC_MOTOR_program.o
 .debug_macro   0x00000000      0xa4e DC Motor/DC_MOTOR_program.o
 .debug_macro   0x00000000       0x10 DC Motor/DC_MOTOR_program.o
 .debug_macro   0x00000000       0x10 DC Motor/DC_MOTOR_program.o
 .debug_macro   0x00000000      0x1c9 DC Motor/DC_MOTOR_program.o
 .debug_macro   0x00000000      0x2fc DC Motor/DC_MOTOR_program.o
 .debug_macro   0x00000000       0x9e DC Motor/DC_MOTOR_program.o
 .debug_macro   0x00000000      0xc24 DC Motor/DC_MOTOR_program.o
 .debug_macro   0x00000000      0x170 DC Motor/DC_MOTOR_program.o
 .debug_macro   0x00000000       0xbd DC Motor/DC_MOTOR_program.o
 .debug_macro   0x00000000       0x34 DC Motor/DC_MOTOR_program.o
 .debug_macro   0x00000000       0x18 DC Motor/DC_MOTOR_program.o
 .debug_macro   0x00000000       0x6c DC Motor/DC_MOTOR_program.o
 .debug_macro   0x00000000      0x2dc DC Motor/DC_MOTOR_program.o
 .debug_macro   0x00000000       0x22 DC Motor/DC_MOTOR_program.o
 .debug_macro   0x00000000      0x27b DC Motor/DC_MOTOR_program.o
 .debug_macro   0x00000000       0x10 DC Motor/DC_MOTOR_program.o
 .debug_macro   0x00000000       0x70 DC Motor/DC_MOTOR_program.o
 .debug_line    0x00000000      0x3f5 DC Motor/DC_MOTOR_program.o
 .debug_str     0x00000000     0x73c7 DC Motor/DC_MOTOR_program.o
 .comment       0x00000000       0x31 DC Motor/DC_MOTOR_program.o
 .debug_frame   0x00000000       0xa4 DC Motor/DC_MOTOR_program.o
 .group         0x00000000        0x8 DHT/DHT_Program.o
 .group         0x00000000        0x8 DHT/DHT_Program.o
 .group         0x00000000        0x8 DHT/DHT_Program.o
 .group         0x00000000        0x8 DHT/DHT_Program.o
 .group         0x00000000        0x8 DHT/DHT_Program.o
 .group         0x00000000        0x8 DHT/DHT_Program.o
 .group         0x00000000        0x8 DHT/DHT_Program.o
 .group         0x00000000        0x8 DHT/DHT_Program.o
 .group         0x00000000        0x8 DHT/DHT_Program.o
 .group         0x00000000        0x8 DHT/DHT_Program.o
 .group         0x00000000        0x8 DHT/DHT_Program.o
 .group         0x00000000        0x8 DHT/DHT_Program.o
 .group         0x00000000        0x8 DHT/DHT_Program.o
 .group         0x00000000        0x8 DHT/DHT_Program.o
 .group         0x00000000        0x8 DHT/DHT_Program.o
 .group         0x00000000        0x8 DHT/DHT_Program.o
 .group         0x00000000        0x8 DHT/DHT_Program.o
 .group         0x00000000        0x8 DHT/DHT_Program.o
 .group         0x00000000        0x8 DHT/DHT_Program.o
 .group         0x00000000        0x8 DHT/DHT_Program.o
 .group         0x00000000        0x8 DHT/DHT_Program.o
 .group         0x00000000        0x8 DHT/DHT_Program.o
 .group         0x00000000        0x8 DHT/DHT_Program.o
 .text          0x00000000        0x0 DHT/DHT_Program.o
 .data          0x00000000        0x0 DHT/DHT_Program.o
 .bss           0x00000000        0x0 DHT/DHT_Program.o
 .text.Request  0x00000000       0x14 DHT/DHT_Program.o
 .text.Response
                0x00000000       0x10 DHT/DHT_Program.o
 .text.Receive_data
                0x00000000       0x28 DHT/DHT_Program.o
 .rodata.str1.1
                0x00000000       0x22 DHT/DHT_Program.o
 .text.int_Dht  0x00000000      0x162 DHT/DHT_Program.o
 .debug_info    0x00000000      0x702 DHT/DHT_Program.o
 .debug_abbrev  0x00000000      0x244 DHT/DHT_Program.o
 .debug_loc     0x00000000      0x2d9 DHT/DHT_Program.o
 .debug_aranges
                0x00000000       0x38 DHT/DHT_Program.o
 .debug_ranges  0x00000000       0x28 DHT/DHT_Program.o
 .debug_macro   0x00000000      0x135 DHT/DHT_Program.o
 .debug_macro   0x00000000      0xa4e DHT/DHT_Program.o
 .debug_macro   0x00000000       0x10 DHT/DHT_Program.o
 .debug_macro   0x00000000      0x1c9 DHT/DHT_Program.o
 .debug_macro   0x00000000      0x2fc DHT/DHT_Program.o
 .debug_macro   0x00000000       0x9e DHT/DHT_Program.o
 .debug_macro   0x00000000      0xc24 DHT/DHT_Program.o
 .debug_macro   0x00000000      0x170 DHT/DHT_Program.o
 .debug_macro   0x00000000       0xbd DHT/DHT_Program.o
 .debug_macro   0x00000000       0x34 DHT/DHT_Program.o
 .debug_macro   0x00000000       0x18 DHT/DHT_Program.o
 .debug_macro   0x00000000       0x6c DHT/DHT_Program.o
 .debug_macro   0x00000000       0x10 DHT/DHT_Program.o
 .debug_macro   0x00000000      0x166 DHT/DHT_Program.o
 .debug_macro   0x00000000       0x1c DHT/DHT_Program.o
 .debug_macro   0x00000000      0x10e DHT/DHT_Program.o
 .debug_macro   0x00000000       0x60 DHT/DHT_Program.o
 .debug_macro   0x00000000       0x10 DHT/DHT_Program.o
 .debug_macro   0x00000000      0x2dc DHT/DHT_Program.o
 .debug_macro   0x00000000       0x22 DHT/DHT_Program.o
 .debug_macro   0x00000000      0x27b DHT/DHT_Program.o
 .debug_macro   0x00000000       0x10 DHT/DHT_Program.o
 .debug_macro   0x00000000       0x46 DHT/DHT_Program.o
 .debug_macro   0x00000000       0x34 DHT/DHT_Program.o
 .debug_line    0x00000000      0x526 DHT/DHT_Program.o
 .debug_str     0x00000000     0x7b85 DHT/DHT_Program.o
 .comment       0x00000000       0x31 DHT/DHT_Program.o
 .debug_frame   0x00000000       0x8c DHT/DHT_Program.o
 .group         0x00000000        0x8 interrupt/External_interrupt.o
 .group         0x00000000        0x8 interrupt/External_interrupt.o
 .group         0x00000000        0x8 interrupt/External_interrupt.o
 .group         0x00000000        0x8 interrupt/External_interrupt.o
 .group         0x00000000        0x8 interrupt/External_interrupt.o
 .group         0x00000000        0x8 interrupt/External_interrupt.o
 .group         0x00000000        0x8 interrupt/External_interrupt.o
 .group         0x00000000        0x8 interrupt/External_interrupt.o
 .group         0x00000000        0x8 interrupt/External_interrupt.o
 .group         0x00000000        0x8 interrupt/External_interrupt.o
 .group         0x00000000        0x8 interrupt/External_interrupt.o
 .group         0x00000000        0x8 interrupt/External_interrupt.o
 .group         0x00000000        0x8 interrupt/External_interrupt.o
 .group         0x00000000        0x8 interrupt/External_interrupt.o
 .group         0x00000000        0x8 interrupt/External_interrupt.o
 .group         0x00000000        0x8 interrupt/External_interrupt.o
 .group         0x00000000        0x8 interrupt/External_interrupt.o
 .group         0x00000000        0x8 interrupt/External_interrupt.o
 .text          0x00000000        0x0 interrupt/External_interrupt.o
 .data          0x00000000        0x0 interrupt/External_interrupt.o
 .bss           0x00000000        0x0 interrupt/External_interrupt.o
 .text.init_interrrupt
                0x00000000       0x2c interrupt/External_interrupt.o
 .text.SET_CallBack_INT0
                0x00000000        0xa interrupt/External_interrupt.o
 .text.SET_CallBack_INT1
                0x00000000        0xa interrupt/External_interrupt.o
 .text.SET_CallBack_INT2
                0x00000000        0xa interrupt/External_interrupt.o
 .debug_macro   0x00000000      0xa4e interrupt/External_interrupt.o
 .debug_macro   0x00000000       0x10 interrupt/External_interrupt.o
 .debug_macro   0x00000000      0x1c9 interrupt/External_interrupt.o
 .debug_macro   0x00000000      0x2fc interrupt/External_interrupt.o
 .debug_macro   0x00000000       0x9e interrupt/External_interrupt.o
 .debug_macro   0x00000000      0xc24 interrupt/External_interrupt.o
 .debug_macro   0x00000000      0x170 interrupt/External_interrupt.o
 .debug_macro   0x00000000       0xbd interrupt/External_interrupt.o
 .debug_macro   0x00000000       0x34 interrupt/External_interrupt.o
 .debug_macro   0x00000000       0x18 interrupt/External_interrupt.o
 .debug_macro   0x00000000       0x6c interrupt/External_interrupt.o
 .debug_macro   0x00000000       0x10 interrupt/External_interrupt.o
 .debug_macro   0x00000000      0x2dc interrupt/External_interrupt.o
 .debug_macro   0x00000000       0x22 interrupt/External_interrupt.o
 .debug_macro   0x00000000      0x27b interrupt/External_interrupt.o
 .debug_macro   0x00000000       0x10 interrupt/External_interrupt.o
 .group         0x00000000        0x8 I2C/I2C_program.o
 .group         0x00000000        0x8 I2C/I2C_program.o
 .group         0x00000000        0x8 I2C/I2C_program.o
 .group         0x00000000        0x8 I2C/I2C_program.o
 .group         0x00000000        0x8 I2C/I2C_program.o
 .group         0x00000000        0x8 I2C/I2C_program.o
 .group         0x00000000        0x8 I2C/I2C_program.o
 .group         0x00000000        0x8 I2C/I2C_program.o
 .group         0x00000000        0x8 I2C/I2C_program.o
 .group         0x00000000        0x8 I2C/I2C_program.o
 .group         0x00000000        0x8 I2C/I2C_program.o
 .group         0x00000000        0x8 I2C/I2C_program.o
 .group         0x00000000        0x8 I2C/I2C_program.o
 .group         0x00000000        0x8 I2C/I2C_program.o
 .group         0x00000000        0x8 I2C/I2C_program.o
 .group         0x00000000        0x8 I2C/I2C_program.o
 .group         0x00000000        0x8 I2C/I2C_program.o
 .text          0x00000000        0x0 I2C/I2C_program.o
 .data          0x00000000        0x0 I2C/I2C_program.o
 .bss           0x00000000        0x0 I2C/I2C_program.o
 .text.I2C_Master_Init
                0x00000000        0xc I2C/I2C_program.o
 .text.I2C_Slave_Init
                0x00000000        0xc I2C/I2C_program.o
 .text.I2C_START_Condition
                0x00000000       0x1c I2C/I2C_program.o
 .text.I2C_Repeated_Start
                0x00000000       0x1c I2C/I2C_program.o
 .text.I2C_SendSlaveAdress_write
                0x00000000       0x1a I2C/I2C_program.o
 .text.I2C_SendSlaveAdress_Read
                0x00000000       0x1c I2C/I2C_program.o
 .text.I2C_Send_Data
                0x00000000       0x18 I2C/I2C_program.o
 .text.I2C_Read_data
                0x00000000       0x18 I2C/I2C_program.o
 .text.I2C_Stop_condition
                0x00000000       0x14 I2C/I2C_program.o
 .debug_info    0x00000000      0x185 I2C/I2C_program.o
 .debug_abbrev  0x00000000       0xa6 I2C/I2C_program.o
 .debug_loc     0x00000000       0x6f I2C/I2C_program.o
 .debug_aranges
                0x00000000       0x60 I2C/I2C_program.o
 .debug_ranges  0x00000000       0x50 I2C/I2C_program.o
 .debug_macro   0x00000000       0xdf I2C/I2C_program.o
 .debug_macro   0x00000000      0xa4e I2C/I2C_program.o
 .debug_macro   0x00000000       0x10 I2C/I2C_program.o
 .debug_macro   0x00000000       0x10 I2C/I2C_program.o
 .debug_macro   0x00000000      0x1c9 I2C/I2C_program.o
 .debug_macro   0x00000000      0x2fc I2C/I2C_program.o
 .debug_macro   0x00000000       0x9e I2C/I2C_program.o
 .debug_macro   0x00000000      0xc24 I2C/I2C_program.o
 .debug_macro   0x00000000      0x170 I2C/I2C_program.o
 .debug_macro   0x00000000       0xbd I2C/I2C_program.o
 .debug_macro   0x00000000       0x34 I2C/I2C_program.o
 .debug_macro   0x00000000       0x18 I2C/I2C_program.o
 .debug_macro   0x00000000       0x6c I2C/I2C_program.o
 .debug_macro   0x00000000      0x2dc I2C/I2C_program.o
 .debug_macro   0x00000000       0x22 I2C/I2C_program.o
 .debug_macro   0x00000000      0x27b I2C/I2C_program.o
 .debug_macro   0x00000000       0x10 I2C/I2C_program.o
 .debug_macro   0x00000000       0x46 I2C/I2C_program.o
 .debug_line    0x00000000      0x42f I2C/I2C_program.o
 .debug_str     0x00000000     0x7315 I2C/I2C_program.o
 .comment       0x00000000       0x31 I2C/I2C_program.o
 .debug_frame   0x00000000       0xa4 I2C/I2C_program.o
 .group         0x00000000        0x8 LCCD/LCD_PROGRAM.o
 .group         0x00000000        0x8 LCCD/LCD_PROGRAM.o
 .group         0x00000000        0x8 LCCD/LCD_PROGRAM.o
 .group         0x00000000        0x8 LCCD/LCD_PROGRAM.o
 .group         0x00000000        0x8 LCCD/LCD_PROGRAM.o
 .group         0x00000000        0x8 LCCD/LCD_PROGRAM.o
 .group         0x00000000        0x8 LCCD/LCD_PROGRAM.o
 .group         0x00000000        0x8 LCCD/LCD_PROGRAM.o
 .group         0x00000000        0x8 LCCD/LCD_PROGRAM.o
 .group         0x00000000        0x8 LCCD/LCD_PROGRAM.o
 .group         0x00000000        0x8 LCCD/LCD_PROGRAM.o
 .group         0x00000000        0x8 LCCD/LCD_PROGRAM.o
 .group         0x00000000        0x8 LCCD/LCD_PROGRAM.o
 .group         0x00000000        0x8 LCCD/LCD_PROGRAM.o
 .group         0x00000000        0x8 LCCD/LCD_PROGRAM.o
 .group         0x00000000        0x8 LCCD/LCD_PROGRAM.o
 .group         0x00000000        0x8 LCCD/LCD_PROGRAM.o
 .group         0x00000000        0x8 LCCD/LCD_PROGRAM.o
 .group         0x00000000        0x8 LCCD/LCD_PROGRAM.o
 .group         0x00000000        0x8 LCCD/LCD_PROGRAM.o
 .text          0x00000000        0x0 LCCD/LCD_PROGRAM.o
 .data          0x00000000        0x0 LCCD/LCD_PROGRAM.o
 .bss           0x00000000        0x0 LCCD/LCD_PROGRAM.o
 .debug_macro   0x00000000      0xa4e LCCD/LCD_PROGRAM.o
 .debug_macro   0x00000000       0x10 LCCD/LCD_PROGRAM.o
 .debug_macro   0x00000000      0x1c9 LCCD/LCD_PROGRAM.o
 .debug_macro   0x00000000      0x2fc LCCD/LCD_PROGRAM.o
 .debug_macro   0x00000000       0x9e LCCD/LCD_PROGRAM.o
 .debug_macro   0x00000000      0xc24 LCCD/LCD_PROGRAM.o
 .debug_macro   0x00000000      0x170 LCCD/LCD_PROGRAM.o
 .debug_macro   0x00000000       0xbd LCCD/LCD_PROGRAM.o
 .debug_macro   0x00000000       0x34 LCCD/LCD_PROGRAM.o
 .debug_macro   0x00000000       0x18 LCCD/LCD_PROGRAM.o
 .debug_macro   0x00000000       0x6c LCCD/LCD_PROGRAM.o
 .debug_macro   0x00000000       0x10 LCCD/LCD_PROGRAM.o
 .debug_macro   0x00000000      0x166 LCCD/LCD_PROGRAM.o
 .debug_macro   0x00000000       0x10 LCCD/LCD_PROGRAM.o
 .debug_macro   0x00000000      0x2dc LCCD/LCD_PROGRAM.o
 .debug_macro   0x00000000       0x22 LCCD/LCD_PROGRAM.o
 .debug_macro   0x00000000      0x27b LCCD/LCD_PROGRAM.o
 .debug_macro   0x00000000       0x10 LCCD/LCD_PROGRAM.o
 .debug_macro   0x00000000       0x46 LCCD/LCD_PROGRAM.o
 .debug_macro   0x00000000       0x34 LCCD/LCD_PROGRAM.o
 .group         0x00000000        0x8 main.o
 .group         0x00000000        0x8 main.o
 .group         0x00000000        0x8 main.o
 .group         0x00000000        0x8 main.o
 .group         0x00000000        0x8 main.o
 .group         0x00000000        0x8 main.o
 .group         0x00000000        0x8 main.o
 .group         0x00000000        0x8 main.o
 .group         0x00000000        0x8 main.o
 .group         0x00000000        0x8 main.o
 .group         0x00000000        0x8 main.o
 .group         0x00000000        0x8 main.o
 .group         0x00000000        0x8 main.o
 .group         0x00000000        0x8 main.o
 .group         0x00000000        0x8 main.o
 .group         0x00000000        0x8 main.o
 .group         0x00000000        0x8 main.o
 .group         0x00000000        0x8 main.o
 .group         0x00000000        0x8 main.o
 .group         0x00000000        0x8 main.o
 .group         0x00000000        0x8 main.o
 .group         0x00000000        0x8 main.o
 .group         0x00000000        0x8 main.o
 .group         0x00000000        0x8 main.o
 .group         0x00000000        0x8 main.o
 .group         0x00000000        0x8 main.o
 .group         0x00000000        0x8 main.o
 .group         0x00000000        0x8 main.o
 .group         0x00000000        0x8 main.o
 .group         0x00000000        0x8 main.o
 .group         0x00000000        0x8 main.o
 .group         0x00000000        0x8 main.o
 .group         0x00000000        0x8 main.o
 .text          0x00000000        0x0 main.o
 .data          0x00000000        0x0 main.o
 .bss           0x00000000        0x0 main.o
 .debug_macro   0x00000000      0xa4e main.o
 .debug_macro   0x00000000       0x10 main.o
 .debug_macro   0x00000000      0x1c9 main.o
 .debug_macro   0x00000000      0x2fc main.o
 .debug_macro   0x00000000       0x9e main.o
 .debug_macro   0x00000000      0xc24 main.o
 .debug_macro   0x00000000      0x170 main.o
 .debug_macro   0x00000000       0xbd main.o
 .debug_macro   0x00000000       0x34 main.o
 .debug_macro   0x00000000       0x18 main.o
 .debug_macro   0x00000000       0x6c main.o
 .debug_macro   0x00000000       0x10 main.o
 .debug_macro   0x00000000      0x166 main.o
 .debug_macro   0x00000000       0x1c main.o
 .debug_macro   0x00000000      0x10e main.o
 .debug_macro   0x00000000       0x60 main.o
 .debug_macro   0x00000000       0x10 main.o
 .debug_macro   0x00000000      0x2dc main.o
 .debug_macro   0x00000000       0x22 main.o
 .debug_macro   0x00000000      0x27b main.o
 .debug_macro   0x00000000       0x10 main.o
 .debug_macro   0x00000000       0x40 main.o
 .debug_macro   0x00000000       0x5e main.o
 .debug_macro   0x00000000       0x70 main.o
 .debug_macro   0x00000000       0x46 main.o
 .debug_macro   0x00000000       0x34 main.o
 .debug_macro   0x00000000       0x46 main.o
 .group         0x00000000        0x8 SPI/SPI_program.o
 .group         0x00000000        0x8 SPI/SPI_program.o
 .group         0x00000000        0x8 SPI/SPI_program.o
 .group         0x00000000        0x8 SPI/SPI_program.o
 .group         0x00000000        0x8 SPI/SPI_program.o
 .group         0x00000000        0x8 SPI/SPI_program.o
 .group         0x00000000        0x8 SPI/SPI_program.o
 .group         0x00000000        0x8 SPI/SPI_program.o
 .group         0x00000000        0x8 SPI/SPI_program.o
 .group         0x00000000        0x8 SPI/SPI_program.o
 .group         0x00000000        0x8 SPI/SPI_program.o
 .group         0x00000000        0x8 SPI/SPI_program.o
 .group         0x00000000        0x8 SPI/SPI_program.o
 .group         0x00000000        0x8 SPI/SPI_program.o
 .group         0x00000000        0x8 SPI/SPI_program.o
 .group         0x00000000        0x8 SPI/SPI_program.o
 .group         0x00000000        0x8 SPI/SPI_program.o
 .text          0x00000000        0x0 SPI/SPI_program.o
 .data          0x00000000        0x0 SPI/SPI_program.o
 .bss           0x00000000        0x0 SPI/SPI_program.o
 .text.SPI_MASTER_INIT
                0x00000000       0x1c SPI/SPI_program.o
 .text.SPI_MASTER_INIT_TRANS
                0x00000000        0x4 SPI/SPI_program.o
 .text.SPI_MASTER_TER_TRANS
                0x00000000        0x4 SPI/SPI_program.o
 .text.SPI_TRANSiver
                0x00000000        0xa SPI/SPI_program.o
 .debug_info    0x00000000      0x134 SPI/SPI_program.o
 .debug_abbrev  0x00000000       0xa6 SPI/SPI_program.o
 .debug_loc     0x00000000       0x33 SPI/SPI_program.o
 .debug_aranges
                0x00000000       0x38 SPI/SPI_program.o
 .debug_ranges  0x00000000       0x28 SPI/SPI_program.o
 .debug_macro   0x00000000       0xdf SPI/SPI_program.o
 .debug_macro   0x00000000      0xa4e SPI/SPI_program.o
 .debug_macro   0x00000000       0x10 SPI/SPI_program.o
 .debug_macro   0x00000000       0x10 SPI/SPI_program.o
 .debug_macro   0x00000000      0x1c9 SPI/SPI_program.o
 .debug_macro   0x00000000      0x2fc SPI/SPI_program.o
 .debug_macro   0x00000000       0x9e SPI/SPI_program.o
 .debug_macro   0x00000000      0xc24 SPI/SPI_program.o
 .debug_macro   0x00000000      0x170 SPI/SPI_program.o
 .debug_macro   0x00000000       0xbd SPI/SPI_program.o
 .debug_macro   0x00000000       0x34 SPI/SPI_program.o
 .debug_macro   0x00000000       0x18 SPI/SPI_program.o
 .debug_macro   0x00000000       0x6c SPI/SPI_program.o
 .debug_macro   0x00000000      0x2dc SPI/SPI_program.o
 .debug_macro   0x00000000       0x22 SPI/SPI_program.o
 .debug_macro   0x00000000      0x27b SPI/SPI_program.o
 .debug_macro   0x00000000       0x10 SPI/SPI_program.o
 .debug_macro   0x00000000       0x70 SPI/SPI_program.o
 .debug_line    0x00000000      0x32d SPI/SPI_program.o
 .debug_str     0x00000000     0x72aa SPI/SPI_program.o
 .comment       0x00000000       0x31 SPI/SPI_program.o
 .debug_frame   0x00000000       0x54 SPI/SPI_program.o
 .group         0x00000000        0x8 ssd/ssd_program.o
 .group         0x00000000        0x8 ssd/ssd_program.o
 .group         0x00000000        0x8 ssd/ssd_program.o
 .group         0x00000000        0x8 ssd/ssd_program.o
 .group         0x00000000        0x8 ssd/ssd_program.o
 .group         0x00000000        0x8 ssd/ssd_program.o
 .group         0x00000000        0x8 ssd/ssd_program.o
 .group         0x00000000        0x8 ssd/ssd_program.o
 .group         0x00000000        0x8 ssd/ssd_program.o
 .group         0x00000000        0x8 ssd/ssd_program.o
 .group         0x00000000        0x8 ssd/ssd_program.o
 .group         0x00000000        0x8 ssd/ssd_program.o
 .group         0x00000000        0x8 ssd/ssd_program.o
 .group         0x00000000        0x8 ssd/ssd_program.o
 .group         0x00000000        0x8 ssd/ssd_program.o
 .group         0x00000000        0x8 ssd/ssd_program.o
 .text          0x00000000        0x0 ssd/ssd_program.o
 .data          0x00000000        0x0 ssd/ssd_program.o
 .bss           0x00000000        0x0 ssd/ssd_program.o
 .text.set_one_number
                0x00000000       0x22 ssd/ssd_program.o
 .text.set_two_numbers
                0x00000000       0x32 ssd/ssd_program.o
 .debug_info    0x00000000      0x13b ssd/ssd_program.o
 .debug_abbrev  0x00000000       0xc8 ssd/ssd_program.o
 .debug_loc     0x00000000       0x64 ssd/ssd_program.o
 .debug_aranges
                0x00000000       0x28 ssd/ssd_program.o
 .debug_ranges  0x00000000       0x18 ssd/ssd_program.o
 .debug_macro   0x00000000       0xd0 ssd/ssd_program.o
 .debug_macro   0x00000000      0xa4e ssd/ssd_program.o
 .debug_macro   0x00000000       0x10 ssd/ssd_program.o
 .debug_macro   0x00000000       0x10 ssd/ssd_program.o
 .debug_macro   0x00000000      0x1c9 ssd/ssd_program.o
 .debug_macro   0x00000000      0x2fc ssd/ssd_program.o
 .debug_macro   0x00000000       0x9e ssd/ssd_program.o
 .debug_macro   0x00000000      0xc24 ssd/ssd_program.o
 .debug_macro   0x00000000      0x170 ssd/ssd_program.o
 .debug_macro   0x00000000       0xbd ssd/ssd_program.o
 .debug_macro   0x00000000       0x34 ssd/ssd_program.o
 .debug_macro   0x00000000       0x18 ssd/ssd_program.o
 .debug_macro   0x00000000       0x6c ssd/ssd_program.o
 .debug_macro   0x00000000      0x2dc ssd/ssd_program.o
 .debug_macro   0x00000000       0x22 ssd/ssd_program.o
 .debug_macro   0x00000000      0x27b ssd/ssd_program.o
 .debug_macro   0x00000000       0x10 ssd/ssd_program.o
 .debug_line    0x00000000      0x2df ssd/ssd_program.o
 .debug_str     0x00000000     0x719c ssd/ssd_program.o
 .comment       0x00000000       0x31 ssd/ssd_program.o
 .debug_frame   0x00000000       0x3c ssd/ssd_program.o
 .group         0x00000000        0x8 Timer/timer.o
 .group         0x00000000        0x8 Timer/timer.o
 .group         0x00000000        0x8 Timer/timer.o
 .group         0x00000000        0x8 Timer/timer.o
 .group         0x00000000        0x8 Timer/timer.o
 .group         0x00000000        0x8 Timer/timer.o
 .group         0x00000000        0x8 Timer/timer.o
 .group         0x00000000        0x8 Timer/timer.o
 .group         0x00000000        0x8 Timer/timer.o
 .group         0x00000000        0x8 Timer/timer.o
 .group         0x00000000        0x8 Timer/timer.o
 .group         0x00000000        0x8 Timer/timer.o
 .group         0x00000000        0x8 Timer/timer.o
 .group         0x00000000        0x8 Timer/timer.o
 .group         0x00000000        0x8 Timer/timer.o
 .group         0x00000000        0x8 Timer/timer.o
 .group         0x00000000        0x8 Timer/timer.o
 .group         0x00000000        0x8 Timer/timer.o
 .group         0x00000000        0x8 Timer/timer.o
 .text          0x00000000        0x0 Timer/timer.o
 .data          0x00000000        0x0 Timer/timer.o
 .bss           0x00000000        0x0 Timer/timer.o
 .text.SETCALLBACK_TIMER1_OVR
                0x00000000        0xa Timer/timer.o
 .text.SETCALLBACK_TIMER0_OVR
                0x00000000        0xa Timer/timer.o
 .text.SETCALLBACK_TIMER0_OCR
                0x00000000        0xa Timer/timer.o
 .text.timer_init
                0x00000000       0x24 Timer/timer.o
 .text.timer_OCR
                0x00000000        0x4 Timer/timer.o
 .text.PWM0_Init
                0x00000000       0x16 Timer/timer.o
 .text.PWM0_GEN
                0x00000000        0xa Timer/timer.o
 .text.PWM0_Start
                0x00000000        0x8 Timer/timer.o
 .text.timer1_init
                0x00000000        0xe Timer/timer.o
 .debug_macro   0x00000000      0xa4e Timer/timer.o
 .debug_macro   0x00000000       0x10 Timer/timer.o
 .debug_macro   0x00000000      0x1c9 Timer/timer.o
 .debug_macro   0x00000000      0x2fc Timer/timer.o
 .debug_macro   0x00000000      0x166 Timer/timer.o
 .debug_macro   0x00000000      0xc24 Timer/timer.o
 .debug_macro   0x00000000      0x170 Timer/timer.o
 .debug_macro   0x00000000       0xbd Timer/timer.o
 .debug_macro   0x00000000       0x34 Timer/timer.o
 .debug_macro   0x00000000       0x18 Timer/timer.o
 .debug_macro   0x00000000       0x6c Timer/timer.o
 .debug_macro   0x00000000       0x63 Timer/timer.o
 .debug_macro   0x00000000       0x10 Timer/timer.o
 .debug_macro   0x00000000      0x2dc Timer/timer.o
 .debug_macro   0x00000000       0x22 Timer/timer.o
 .debug_macro   0x00000000      0x27b Timer/timer.o
 .debug_macro   0x00000000       0x10 Timer/timer.o
 .debug_macro   0x00000000       0x70 Timer/timer.o
 .group         0x00000000        0x8 UART/UART_program.o
 .group         0x00000000        0x8 UART/UART_program.o
 .group         0x00000000        0x8 UART/UART_program.o
 .group         0x00000000        0x8 UART/UART_program.o
 .group         0x00000000        0x8 UART/UART_program.o
 .group         0x00000000        0x8 UART/UART_program.o
 .group         0x00000000        0x8 UART/UART_program.o
 .group         0x00000000        0x8 UART/UART_program.o
 .group         0x00000000        0x8 UART/UART_program.o
 .group         0x00000000        0x8 UART/UART_program.o
 .group         0x00000000        0x8 UART/UART_program.o
 .group         0x00000000        0x8 UART/UART_program.o
 .group         0x00000000        0x8 UART/UART_program.o
 .group         0x00000000        0x8 UART/UART_program.o
 .group         0x00000000        0x8 UART/UART_program.o
 .group         0x00000000        0x8 UART/UART_program.o
 .group         0x00000000        0x8 UART/UART_program.o
 .text          0x00000000        0x0 UART/UART_program.o
 .data          0x00000000        0x0 UART/UART_program.o
 .bss           0x00000000        0x0 UART/UART_program.o
 .text.UART_Init
                0x00000000       0x34 UART/UART_program.o
 .text.UART_Tx  0x00000000        0x8 UART/UART_program.o
 .text.UART_Rx  0x00000000        0x8 UART/UART_program.o
 .text.UART_TXString
                0x00000000       0x2c UART/UART_program.o
 .debug_info    0x00000000      0x152 UART/UART_program.o
 .debug_abbrev  0x00000000       0xec UART/UART_program.o
 .debug_loc     0x00000000       0xc3 UART/UART_program.o
 .debug_aranges
                0x00000000       0x38 UART/UART_program.o
 .debug_ranges  0x00000000       0x28 UART/UART_program.o
 .debug_macro   0x00000000       0xeb UART/UART_program.o
 .debug_macro   0x00000000      0xa4e UART/UART_program.o
 .debug_macro   0x00000000       0x10 UART/UART_program.o
 .debug_macro   0x00000000       0x10 UART/UART_program.o
 .debug_macro   0x00000000      0x1c9 UART/UART_program.o
 .debug_macro   0x00000000      0x2fc UART/UART_program.o
 .debug_macro   0x00000000       0x9e UART/UART_program.o
 .debug_macro   0x00000000      0xc24 UART/UART_program.o
 .debug_macro   0x00000000      0x170 UART/UART_program.o
 .debug_macro   0x00000000       0xbd UART/UART_program.o
 .debug_macro   0x00000000       0x34 UART/UART_program.o
 .debug_macro   0x00000000       0x18 UART/UART_program.o
 .debug_macro   0x00000000       0x6c UART/UART_program.o
 .debug_macro   0x00000000      0x2dc UART/UART_program.o
 .debug_macro   0x00000000       0x22 UART/UART_program.o
 .debug_macro   0x00000000      0x27b UART/UART_program.o
 .debug_macro   0x00000000       0x10 UART/UART_program.o
 .debug_macro   0x00000000       0x9a UART/UART_program.o
 .debug_line    0x00000000      0x357 UART/UART_program.o
 .debug_str     0x00000000     0x72fc UART/UART_program.o
 .comment       0x00000000       0x31 UART/UART_program.o
 .debug_frame   0x00000000       0x64 UART/UART_program.o
 .text          0x00000000        0x0 c:/program files (x86)/atmel/studio/7.0/toolchain/avr8/avr8-gnu-toolchain/bin/../lib/gcc/avr/5.4.0/../../../../avr/lib/avr5\libm.a(addsf3.o)
 .data          0x00000000        0x0 c:/program files (x86)/atmel/studio/7.0/toolchain/avr8/avr8-gnu-toolchain/bin/../lib/gcc/avr/5.4.0/../../../../avr/lib/avr5\libm.a(addsf3.o)
 .bss           0x00000000        0x0 c:/program files (x86)/atmel/studio/7.0/toolchain/avr8/avr8-gnu-toolchain/bin/../lib/gcc/avr/5.4.0/../../../../avr/lib/avr5\libm.a(addsf3.o)
 .text          0x00000000        0x0 c:/program files (x86)/atmel/studio/7.0/toolchain/avr8/avr8-gnu-toolchain/bin/../lib/gcc/avr/5.4.0/../../../../avr/lib/avr5\libm.a(addsf3x.o)
 .data          0x00000000        0x0 c:/program files (x86)/atmel/studio/7.0/toolchain/avr8/avr8-gnu-toolchain/bin/../lib/gcc/avr/5.4.0/../../../../avr/lib/avr5\libm.a(addsf3x.o)
 .bss           0x00000000        0x0 c:/program files (x86)/atmel/studio/7.0/toolchain/avr8/avr8-gnu-toolchain/bin/../lib/gcc/avr/5.4.0/../../../../avr/lib/avr5\libm.a(addsf3x.o)
 .text          0x00000000        0x0 c:/program files (x86)/atmel/studio/7.0/toolchain/avr8/avr8-gnu-toolchain/bin/../lib/gcc/avr/5.4.0/../../../../avr/lib/avr5\libm.a(divsf3.o)
 .data          0x00000000        0x0 c:/program files (x86)/atmel/studio/7.0/toolchain/avr8/avr8-gnu-toolchain/bin/../lib/gcc/avr/5.4.0/../../../../avr/lib/avr5\libm.a(divsf3.o)
 .bss           0x00000000        0x0 c:/program files (x86)/atmel/studio/7.0/toolchain/avr8/avr8-gnu-toolchain/bin/../lib/gcc/avr/5.4.0/../../../../avr/lib/avr5\libm.a(divsf3.o)
 .text          0x00000000        0x0 c:/program files (x86)/atmel/studio/7.0/toolchain/avr8/avr8-gnu-toolchain/bin/../lib/gcc/avr/5.4.0/../../../../avr/lib/avr5\libm.a(divsf3x.o)
 .data          0x00000000        0x0 c:/program files (x86)/atmel/studio/7.0/toolchain/avr8/avr8-gnu-toolchain/bin/../lib/gcc/avr/5.4.0/../../../../avr/lib/avr5\libm.a(divsf3x.o)
 .bss           0x00000000        0x0 c:/program files (x86)/atmel/studio/7.0/toolchain/avr8/avr8-gnu-toolchain/bin/../lib/gcc/avr/5.4.0/../../../../avr/lib/avr5\libm.a(divsf3x.o)
 .text          0x00000000        0x0 c:/program files (x86)/atmel/studio/7.0/toolchain/avr8/avr8-gnu-toolchain/bin/../lib/gcc/avr/5.4.0/../../../../avr/lib/avr5\libm.a(floatsisf.o)
 .data          0x00000000        0x0 c:/program files (x86)/atmel/studio/7.0/toolchain/avr8/avr8-gnu-toolchain/bin/../lib/gcc/avr/5.4.0/../../../../avr/lib/avr5\libm.a(floatsisf.o)
 .bss           0x00000000        0x0 c:/program files (x86)/atmel/studio/7.0/toolchain/avr8/avr8-gnu-toolchain/bin/../lib/gcc/avr/5.4.0/../../../../avr/lib/avr5\libm.a(floatsisf.o)
 .text          0x00000000        0x0 c:/program files (x86)/atmel/studio/7.0/toolchain/avr8/avr8-gnu-toolchain/bin/../lib/gcc/avr/5.4.0/../../../../avr/lib/avr5\libm.a(fp_inf.o)
 .data          0x00000000        0x0 c:/program files (x86)/atmel/studio/7.0/toolchain/avr8/avr8-gnu-toolchain/bin/../lib/gcc/avr/5.4.0/../../../../avr/lib/avr5\libm.a(fp_inf.o)
 .bss           0x00000000        0x0 c:/program files (x86)/atmel/studio/7.0/toolchain/avr8/avr8-gnu-toolchain/bin/../lib/gcc/avr/5.4.0/../../../../avr/lib/avr5\libm.a(fp_inf.o)
 .text          0x00000000        0x0 c:/program files (x86)/atmel/studio/7.0/toolchain/avr8/avr8-gnu-toolchain/bin/../lib/gcc/avr/5.4.0/../../../../avr/lib/avr5\libm.a(fp_nan.o)
 .data          0x00000000        0x0 c:/program files (x86)/atmel/studio/7.0/toolchain/avr8/avr8-gnu-toolchain/bin/../lib/gcc/avr/5.4.0/../../../../avr/lib/avr5\libm.a(fp_nan.o)
 .bss           0x00000000        0x0 c:/program files (x86)/atmel/studio/7.0/toolchain/avr8/avr8-gnu-toolchain/bin/../lib/gcc/avr/5.4.0/../../../../avr/lib/avr5\libm.a(fp_nan.o)
 .text          0x00000000        0x0 c:/program files (x86)/atmel/studio/7.0/toolchain/avr8/avr8-gnu-toolchain/bin/../lib/gcc/avr/5.4.0/../../../../avr/lib/avr5\libm.a(fp_pscA.o)
 .data          0x00000000        0x0 c:/program files (x86)/atmel/studio/7.0/toolchain/avr8/avr8-gnu-toolchain/bin/../lib/gcc/avr/5.4.0/../../../../avr/lib/avr5\libm.a(fp_pscA.o)
 .bss           0x00000000        0x0 c:/program files (x86)/atmel/studio/7.0/toolchain/avr8/avr8-gnu-toolchain/bin/../lib/gcc/avr/5.4.0/../../../../avr/lib/avr5\libm.a(fp_pscA.o)
 .text          0x00000000        0x0 c:/program files (x86)/atmel/studio/7.0/toolchain/avr8/avr8-gnu-toolchain/bin/../lib/gcc/avr/5.4.0/../../../../avr/lib/avr5\libm.a(fp_pscB.o)
 .data          0x00000000        0x0 c:/program files (x86)/atmel/studio/7.0/toolchain/avr8/avr8-gnu-toolchain/bin/../lib/gcc/avr/5.4.0/../../../../avr/lib/avr5\libm.a(fp_pscB.o)
 .bss           0x00000000        0x0 c:/program files (x86)/atmel/studio/7.0/toolchain/avr8/avr8-gnu-toolchain/bin/../lib/gcc/avr/5.4.0/../../../../avr/lib/avr5\libm.a(fp_pscB.o)
 .text          0x00000000        0x0 c:/program files (x86)/atmel/studio/7.0/toolchain/avr8/avr8-gnu-toolchain/bin/../lib/gcc/avr/5.4.0/../../../../avr/lib/avr5\libm.a(fp_round.o)
 .data          0x00000000        0x0 c:/program files (x86)/atmel/studio/7.0/toolchain/avr8/avr8-gnu-toolchain/bin/../lib/gcc/avr/5.4.0/../../../../avr/lib/avr5\libm.a(fp_round.o)
 .bss           0x00000000        0x0 c:/program files (x86)/atmel/studio/7.0/toolchain/avr8/avr8-gnu-toolchain/bin/../lib/gcc/avr/5.4.0/../../../../avr/lib/avr5\libm.a(fp_round.o)
 .text          0x00000000        0x0 c:/program files (x86)/atmel/studio/7.0/toolchain/avr8/avr8-gnu-toolchain/bin/../lib/gcc/avr/5.4.0/../../../../avr/lib/avr5\libm.a(fp_split3.o)
 .data          0x00000000        0x0 c:/program files (x86)/atmel/studio/7.0/toolchain/avr8/avr8-gnu-toolchain/bin/../lib/gcc/avr/5.4.0/../../../../avr/lib/avr5\libm.a(fp_split3.o)
 .bss           0x00000000        0x0 c:/program files (x86)/atmel/studio/7.0/toolchain/avr8/avr8-gnu-toolchain/bin/../lib/gcc/avr/5.4.0/../../../../avr/lib/avr5\libm.a(fp_split3.o)
 .text          0x00000000        0x0 c:/program files (x86)/atmel/studio/7.0/toolchain/avr8/avr8-gnu-toolchain/bin/../lib/gcc/avr/5.4.0/../../../../avr/lib/avr5\libm.a(fp_zero.o)
 .data          0x00000000        0x0 c:/program files (x86)/atmel/studio/7.0/toolchain/avr8/avr8-gnu-toolchain/bin/../lib/gcc/avr/5.4.0/../../../../avr/lib/avr5\libm.a(fp_zero.o)
 .bss           0x00000000        0x0 c:/program files (x86)/atmel/studio/7.0/toolchain/avr8/avr8-gnu-toolchain/bin/../lib/gcc/avr/5.4.0/../../../../avr/lib/avr5\libm.a(fp_zero.o)
 .text          0x00000000        0x0 c:/program files (x86)/atmel/studio/7.0/toolchain/avr8/avr8-gnu-toolchain/bin/../lib/gcc/avr/5.4.0/../../../../avr/lib/avr5\libm.a(mulsf3.o)
 .data          0x00000000        0x0 c:/program files (x86)/atmel/studio/7.0/toolchain/avr8/avr8-gnu-toolchain/bin/../lib/gcc/avr/5.4.0/../../../../avr/lib/avr5\libm.a(mulsf3.o)
 .bss           0x00000000        0x0 c:/program files (x86)/atmel/studio/7.0/toolchain/avr8/avr8-gnu-toolchain/bin/../lib/gcc/avr/5.4.0/../../../../avr/lib/avr5\libm.a(mulsf3.o)
 .text          0x00000000        0x0 c:/program files (x86)/atmel/studio/7.0/toolchain/avr8/avr8-gnu-toolchain/bin/../lib/gcc/avr/5.4.0/../../../../avr/lib/avr5\libm.a(mulsf3x.o)
 .data          0x00000000        0x0 c:/program files (x86)/atmel/studio/7.0/toolchain/avr8/avr8-gnu-toolchain/bin/../lib/gcc/avr/5.4.0/../../../../avr/lib/avr5\libm.a(mulsf3x.o)
 .bss           0x00000000        0x0 c:/program files (x86)/atmel/studio/7.0/toolchain/avr8/avr8-gnu-toolchain/bin/../lib/gcc/avr/5.4.0/../../../../avr/lib/avr5\libm.a(mulsf3x.o)
 .text          0x00000000        0x0 c:/program files (x86)/atmel/studio/7.0/toolchain/avr8/avr8-gnu-toolchain/bin/../lib/gcc/avr/5.4.0/avr5\libgcc.a(_exit.o)
 .data          0x00000000        0x0 c:/program files (x86)/atmel/studio/7.0/toolchain/avr8/avr8-gnu-toolchain/bin/../lib/gcc/avr/5.4.0/avr5\libgcc.a(_exit.o)
 .bss           0x00000000        0x0 c:/program files (x86)/atmel/studio/7.0/toolchain/avr8/avr8-gnu-toolchain/bin/../lib/gcc/avr/5.4.0/avr5\libgcc.a(_exit.o)
 .text.libgcc.mul
                0x00000000        0x0 c:/program files (x86)/atmel/studio/7.0/toolchain/avr8/avr8-gnu-toolchain/bin/../lib/gcc/avr/5.4.0/avr5\libgcc.a(_exit.o)
 .text.libgcc.div
                0x00000000        0x0 c:/program files (x86)/atmel/studio/7.0/toolchain/avr8/avr8-gnu-toolchain/bin/../lib/gcc/avr/5.4.0/avr5\libgcc.a(_exit.o)
 .text.libgcc   0x00000000        0x0 c:/program files (x86)/atmel/studio/7.0/toolchain/avr8/avr8-gnu-toolchain/bin/../lib/gcc/avr/5.4.0/avr5\libgcc.a(_exit.o)
 .text.libgcc.prologue
                0x00000000        0x0 c:/program files (x86)/atmel/studio/7.0/toolchain/avr8/avr8-gnu-toolchain/bin/../lib/gcc/avr/5.4.0/avr5\libgcc.a(_exit.o)
 .text.libgcc.builtins
                0x00000000        0x0 c:/program files (x86)/atmel/studio/7.0/toolchain/avr8/avr8-gnu-toolchain/bin/../lib/gcc/avr/5.4.0/avr5\libgcc.a(_exit.o)
 .text.libgcc.fmul
                0x00000000        0x0 c:/program files (x86)/atmel/studio/7.0/toolchain/avr8/avr8-gnu-toolchain/bin/../lib/gcc/avr/5.4.0/avr5\libgcc.a(_exit.o)
 .text.libgcc.fixed
                0x00000000        0x0 c:/program files (x86)/atmel/studio/7.0/toolchain/avr8/avr8-gnu-toolchain/bin/../lib/gcc/avr/5.4.0/avr5\libgcc.a(_exit.o)
 .text          0x00000000        0x0 c:/program files (x86)/atmel/studio/7.0/toolchain/avr8/avr8-gnu-toolchain/bin/../lib/gcc/avr/5.4.0/avr5\libgcc.a(_copy_data.o)
 .data          0x00000000        0x0 c:/program files (x86)/atmel/studio/7.0/toolchain/avr8/avr8-gnu-toolchain/bin/../lib/gcc/avr/5.4.0/avr5\libgcc.a(_copy_data.o)
 .bss           0x00000000        0x0 c:/program files (x86)/atmel/studio/7.0/toolchain/avr8/avr8-gnu-toolchain/bin/../lib/gcc/avr/5.4.0/avr5\libgcc.a(_copy_data.o)
 .text.libgcc.mul
                0x00000000        0x0 c:/program files (x86)/atmel/studio/7.0/toolchain/avr8/avr8-gnu-toolchain/bin/../lib/gcc/avr/5.4.0/avr5\libgcc.a(_copy_data.o)
 .text.libgcc.div
                0x00000000        0x0 c:/program files (x86)/atmel/studio/7.0/toolchain/avr8/avr8-gnu-toolchain/bin/../lib/gcc/avr/5.4.0/avr5\libgcc.a(_copy_data.o)
 .text.libgcc   0x00000000        0x0 c:/program files (x86)/atmel/studio/7.0/toolchain/avr8/avr8-gnu-toolchain/bin/../lib/gcc/avr/5.4.0/avr5\libgcc.a(_copy_data.o)
 .text.libgcc.prologue
                0x00000000        0x0 c:/program files (x86)/atmel/studio/7.0/toolchain/avr8/avr8-gnu-toolchain/bin/../lib/gcc/avr/5.4.0/avr5\libgcc.a(_copy_data.o)
 .text.libgcc.builtins
                0x00000000        0x0 c:/program files (x86)/atmel/studio/7.0/toolchain/avr8/avr8-gnu-toolchain/bin/../lib/gcc/avr/5.4.0/avr5\libgcc.a(_copy_data.o)
 .text.libgcc.fmul
                0x00000000        0x0 c:/program files (x86)/atmel/studio/7.0/toolchain/avr8/avr8-gnu-toolchain/bin/../lib/gcc/avr/5.4.0/avr5\libgcc.a(_copy_data.o)
 .text.libgcc.fixed
                0x00000000        0x0 c:/program files (x86)/atmel/studio/7.0/toolchain/avr8/avr8-gnu-toolchain/bin/../lib/gcc/avr/5.4.0/avr5\libgcc.a(_copy_data.o)
 .text          0x00000000        0x0 c:/program files (x86)/atmel/studio/7.0/toolchain/avr8/avr8-gnu-toolchain/bin/../lib/gcc/avr/5.4.0/avr5\libgcc.a(_clear_bss.o)
 .data          0x00000000        0x0 c:/program files (x86)/atmel/studio/7.0/toolchain/avr8/avr8-gnu-toolchain/bin/../lib/gcc/avr/5.4.0/avr5\libgcc.a(_clear_bss.o)
 .bss           0x00000000        0x0 c:/program files (x86)/atmel/studio/7.0/toolchain/avr8/avr8-gnu-toolchain/bin/../lib/gcc/avr/5.4.0/avr5\libgcc.a(_clear_bss.o)
 .text.libgcc.mul
                0x00000000        0x0 c:/program files (x86)/atmel/studio/7.0/toolchain/avr8/avr8-gnu-toolchain/bin/../lib/gcc/avr/5.4.0/avr5\libgcc.a(_clear_bss.o)
 .text.libgcc.div
                0x00000000        0x0 c:/program files (x86)/atmel/studio/7.0/toolchain/avr8/avr8-gnu-toolchain/bin/../lib/gcc/avr/5.4.0/avr5\libgcc.a(_clear_bss.o)
 .text.libgcc   0x00000000        0x0 c:/program files (x86)/atmel/studio/7.0/toolchain/avr8/avr8-gnu-toolchain/bin/../lib/gcc/avr/5.4.0/avr5\libgcc.a(_clear_bss.o)
 .text.libgcc.prologue
                0x00000000        0x0 c:/program files (x86)/atmel/studio/7.0/toolchain/avr8/avr8-gnu-toolchain/bin/../lib/gcc/avr/5.4.0/avr5\libgcc.a(_clear_bss.o)
 .text.libgcc.builtins
                0x00000000        0x0 c:/program files (x86)/atmel/studio/7.0/toolchain/avr8/avr8-gnu-toolchain/bin/../lib/gcc/avr/5.4.0/avr5\libgcc.a(_clear_bss.o)
 .text.libgcc.fmul
                0x00000000        0x0 c:/program files (x86)/atmel/studio/7.0/toolchain/avr8/avr8-gnu-toolchain/bin/../lib/gcc/avr/5.4.0/avr5\libgcc.a(_clear_bss.o)
 .text.libgcc.fixed
                0x00000000        0x0 c:/program files (x86)/atmel/studio/7.0/toolchain/avr8/avr8-gnu-toolchain/bin/../lib/gcc/avr/5.4.0/avr5\libgcc.a(_clear_bss.o)
 .text          0x00000000        0x0 c:/program files (x86)/atmel/studio/7.0/toolchain/avr8/avr8-gnu-toolchain/bin/../lib/gcc/avr/5.4.0/../../../../avr/lib/avr5\libc.a(dtostrf.o)
 .data          0x00000000        0x0 c:/program files (x86)/atmel/studio/7.0/toolchain/avr8/avr8-gnu-toolchain/bin/../lib/gcc/avr/5.4.0/../../../../avr/lib/avr5\libc.a(dtostrf.o)
 .bss           0x00000000        0x0 c:/program files (x86)/atmel/studio/7.0/toolchain/avr8/avr8-gnu-toolchain/bin/../lib/gcc/avr/5.4.0/../../../../avr/lib/avr5\libc.a(dtostrf.o)
 .text          0x00000000        0x0 c:/program files (x86)/atmel/studio/7.0/toolchain/avr8/avr8-gnu-toolchain/bin/../lib/gcc/avr/5.4.0/../../../../avr/lib/avr5\libc.a(itoa_ncheck.o)
 .data          0x00000000        0x0 c:/program files (x86)/atmel/studio/7.0/toolchain/avr8/avr8-gnu-toolchain/bin/../lib/gcc/avr/5.4.0/../../../../avr/lib/avr5\libc.a(itoa_ncheck.o)
 .bss           0x00000000        0x0 c:/program files (x86)/atmel/studio/7.0/toolchain/avr8/avr8-gnu-toolchain/bin/../lib/gcc/avr/5.4.0/../../../../avr/lib/avr5\libc.a(itoa_ncheck.o)
 .text          0x00000000        0x0 c:/program files (x86)/atmel/studio/7.0/toolchain/avr8/avr8-gnu-toolchain/bin/../lib/gcc/avr/5.4.0/../../../../avr/lib/avr5\libc.a(utoa_ncheck.o)
 .data          0x00000000        0x0 c:/program files (x86)/atmel/studio/7.0/toolchain/avr8/avr8-gnu-toolchain/bin/../lib/gcc/avr/5.4.0/../../../../avr/lib/avr5\libc.a(utoa_ncheck.o)
 .bss           0x00000000        0x0 c:/program files (x86)/atmel/studio/7.0/toolchain/avr8/avr8-gnu-toolchain/bin/../lib/gcc/avr/5.4.0/../../../../avr/lib/avr5\libc.a(utoa_ncheck.o)
 .text          0x00000000        0x0 c:/program files (x86)/atmel/studio/7.0/toolchain/avr8/avr8-gnu-toolchain/bin/../lib/gcc/avr/5.4.0/../../../../avr/lib/avr5\libc.a(dtoa_prf.o)
 .data          0x00000000        0x0 c:/program files (x86)/atmel/studio/7.0/toolchain/avr8/avr8-gnu-toolchain/bin/../lib/gcc/avr/5.4.0/../../../../avr/lib/avr5\libc.a(dtoa_prf.o)
 .bss           0x00000000        0x0 c:/program files (x86)/atmel/studio/7.0/toolchain/avr8/avr8-gnu-toolchain/bin/../lib/gcc/avr/5.4.0/../../../../avr/lib/avr5\libc.a(dtoa_prf.o)
 .text          0x00000000        0x0 c:/program files (x86)/atmel/studio/7.0/toolchain/avr8/avr8-gnu-toolchain/bin/../lib/gcc/avr/5.4.0/../../../../avr/lib/avr5\libc.a(ftoa_engine.o)
 .data          0x00000000        0x0 c:/program files (x86)/atmel/studio/7.0/toolchain/avr8/avr8-gnu-toolchain/bin/../lib/gcc/avr/5.4.0/../../../../avr/lib/avr5\libc.a(ftoa_engine.o)
 .bss           0x00000000        0x0 c:/program files (x86)/atmel/studio/7.0/toolchain/avr8/avr8-gnu-toolchain/bin/../lib/gcc/avr/5.4.0/../../../../avr/lib/avr5\libc.a(ftoa_engine.o)
 .text          0x00000000        0x0 c:/program files (x86)/atmel/studio/7.0/toolchain/avr8/avr8-gnu-toolchain/bin/../lib/gcc/avr/5.4.0/../../../../avr/lib/avr5\libc.a(strrev.o)
 .data          0x00000000        0x0 c:/program files (x86)/atmel/studio/7.0/toolchain/avr8/avr8-gnu-toolchain/bin/../lib/gcc/avr/5.4.0/../../../../avr/lib/avr5\libc.a(strrev.o)
 .bss           0x00000000        0x0 c:/program files (x86)/atmel/studio/7.0/toolchain/avr8/avr8-gnu-toolchain/bin/../lib/gcc/avr/5.4.0/../../../../avr/lib/avr5\libc.a(strrev.o)
 .text          0x00000000        0x0 c:/program files (x86)/atmel/studio/7.0/toolchain/avr8/avr8-gnu-toolchain/bin/../lib/gcc/avr/5.4.0/avr5\libgcc.a(_prologue.o)
 .data          0x00000000        0x0 c:/program files (x86)/atmel/studio/7.0/toolchain/avr8/avr8-gnu-toolchain/bin/../lib/gcc/avr/5.4.0/avr5\libgcc.a(_prologue.o)
 .bss           0x00000000        0x0 c:/program files (x86)/atmel/studio/7.0/toolchain/avr8/avr8-gnu-toolchain/bin/../lib/gcc/avr/5.4.0/avr5\libgcc.a(_prologue.o)
 .text.libgcc.mul
                0x00000000        0x0 c:/program files (x86)/atmel/studio/7.0/toolchain/avr8/avr8-gnu-toolchain/bin/../lib/gcc/avr/5.4.0/avr5\libgcc.a(_prologue.o)
 .text.libgcc.div
                0x00000000        0x0 c:/program files (x86)/atmel/studio/7.0/toolchain/avr8/avr8-gnu-toolchain/bin/../lib/gcc/avr/5.4.0/avr5\libgcc.a(_prologue.o)
 .text.libgcc   0x00000000        0x0 c:/program files (x86)/atmel/studio/7.0/toolchain/avr8/avr8-gnu-toolchain/bin/../lib/gcc/avr/5.4.0/avr5\libgcc.a(_prologue.o)
 .text.libgcc.builtins
                0x00000000        0x0 c:/program files (x86)/atmel/studio/7.0/toolchain/avr8/avr8-gnu-toolchain/bin/../lib/gcc/avr/5.4.0/avr5\libgcc.a(_prologue.o)
 .text.libgcc.fmul
                0x00000000        0x0 c:/program files (x86)/atmel/studio/7.0/toolchain/avr8/avr8-gnu-toolchain/bin/../lib/gcc/avr/5.4.0/avr5\libgcc.a(_prologue.o)
 .text.libgcc.fixed
                0x00000000        0x0 c:/program files (x86)/atmel/studio/7.0/toolchain/avr8/avr8-gnu-toolchain/bin/../lib/gcc/avr/5.4.0/avr5\libgcc.a(_prologue.o)
 .text          0x00000000        0x0 c:/program files (x86)/atmel/studio/7.0/toolchain/avr8/avr8-gnu-toolchain/bin/../lib/gcc/avr/5.4.0/avr5\libgcc.a(_epilogue.o)
 .data          0x00000000        0x0 c:/program files (x86)/atmel/studio/7.0/toolchain/avr8/avr8-gnu-toolchain/bin/../lib/gcc/avr/5.4.0/avr5\libgcc.a(_epilogue.o)
 .bss           0x00000000        0x0 c:/program files (x86)/atmel/studio/7.0/toolchain/avr8/avr8-gnu-toolchain/bin/../lib/gcc/avr/5.4.0/avr5\libgcc.a(_epilogue.o)
 .text.libgcc.mul
                0x00000000        0x0 c:/program files (x86)/atmel/studio/7.0/toolchain/avr8/avr8-gnu-toolchain/bin/../lib/gcc/avr/5.4.0/avr5\libgcc.a(_epilogue.o)
 .text.libgcc.div
                0x00000000        0x0 c:/program files (x86)/atmel/studio/7.0/toolchain/avr8/avr8-gnu-toolchain/bin/../lib/gcc/avr/5.4.0/avr5\libgcc.a(_epilogue.o)
 .text.libgcc   0x00000000        0x0 c:/program files (x86)/atmel/studio/7.0/toolchain/avr8/avr8-gnu-toolchain/bin/../lib/gcc/avr/5.4.0/avr5\libgcc.a(_epilogue.o)
 .text.libgcc.builtins
                0x00000000        0x0 c:/program files (x86)/atmel/studio/7.0/toolchain/avr8/avr8-gnu-toolchain/bin/../lib/gcc/avr/5.4.0/avr5\libgcc.a(_epilogue.o)
 .text.libgcc.fmul
                0x00000000        0x0 c:/program files (x86)/atmel/studio/7.0/toolchain/avr8/avr8-gnu-toolchain/bin/../lib/gcc/avr/5.4.0/avr5\libgcc.a(_epilogue.o)
 .text.libgcc.fixed
                0x00000000        0x0 c:/program files (x86)/atmel/studio/7.0/toolchain/avr8/avr8-gnu-toolchain/bin/../lib/gcc/avr/5.4.0/avr5\libgcc.a(_epilogue.o)

Memory Configuration

Name             Origin             Length             Attributes
text             0x00000000         0x00008000         xr
data             0x00800060         0x00000800         rw !x
eeprom           0x00810000         0x00000400         rw !x
fuse             0x00820000         0x00000002         rw !x
lock             0x00830000         0x00000400         rw !x
signature        0x00840000         0x00000400         rw !x
user_signatures  0x00850000         0x00000400         rw !x
*default*        0x00000000         0xffffffff

Linker script and memory map

LOAD C:/Program Files (x86)/Atmel/Studio/7.0/Packs/atmel/ATmega_DFP/1.6.364/gcc/dev/atmega32/avr5/crtatmega32.o
LOAD ADC/ADC_program.o
LOAD basics/PINS_Direction.o
LOAD DC Motor/DC_MOTOR_program.o
LOAD DHT/DHT_Program.o
LOAD interrupt/External_interrupt.o
LOAD I2C/I2C_program.o
LOAD LCCD/LCD_PROGRAM.o
LOAD main.o
LOAD SPI/SPI_program.o
LOAD ssd/ssd_program.o
LOAD Timer/timer.o
LOAD UART/UART_program.o
START GROUP
LOAD c:/program files (x86)/atmel/studio/7.0/toolchain/avr8/avr8-gnu-toolchain/bin/../lib/gcc/avr/5.4.0/../../../../avr/lib/avr5\libm.a
END GROUP
START GROUP
LOAD c:/program files (x86)/atmel/studio/7.0/toolchain/avr8/avr8-gnu-toolchain/bin/../lib/gcc/avr/5.4.0/avr5\libgcc.a
LOAD c:/program files (x86)/atmel/studio/7.0/toolchain/avr8/avr8-gnu-toolchain/bin/../lib/gcc/avr/5.4.0/../../../../avr/lib/avr5\libm.a
LOAD c:/program files (x86)/atmel/studio/7.0/toolchain/avr8/avr8-gnu-toolchain/bin/../lib/gcc/avr/5.4.0/../../../../avr/lib/avr5\libc.a
LOAD C:/Program Files (x86)/Atmel/Studio/7.0/Packs/atmel/ATmega_DFP/1.6.364/gcc/dev/atmega32/avr5\libatmega32.a
END GROUP
                0x00000000                __TEXT_REGION_ORIGIN__ = DEFINED (__TEXT_REGION_ORIGIN__)?__TEXT_REGION_ORIGIN__:0x0
                [0x00800060]                __DATA_REGION_ORIGIN__ = DEFINED (__DATA_REGION_ORIGIN__)?__DATA_REGION_ORIGIN__:0x800060
                [0x00008000]                __TEXT_REGION_LENGTH__ = DEFINED (__TEXT_REGION_LENGTH__)?__TEXT_REGION_LENGTH__:0x20000
                [0x00000800]                __DATA_REGION_LENGTH__ = DEFINED (__DATA_REGION_LENGTH__)?__DATA_REGION_LENGTH__:0xffa0
                [0x00000400]                __EEPROM_REGION_LENGTH__ = DEFINED (__EEPROM_REGION_LENGTH__)?__EEPROM_REGION_LENGTH__:0x10000
                [0x00000002]                __FUSE_REGION_LENGTH__ = DEFINED (__FUSE_REGION_LENGTH__)?__FUSE_REGION_LENGTH__:0x400
                0x00000400                __LOCK_REGION_LENGTH__ = DEFINED (__LOCK_REGION_LENGTH__)?__LOCK_REGION_LENGTH__:0x400
                0x00000400                __SIGNATURE_REGION_LENGTH__ = DEFINED (__SIGNATURE_REGION_LENGTH__)?__SIGNATURE_REGION_LENGTH__:0x400
                0x00000400                __USER_SIGNATURE_REGION_LENGTH__ = DEFINED (__USER_SIGNATURE_REGION_LENGTH__)?__USER_SIGNATURE_REGION_LENGTH__:0x400

.hash
 *(.hash)

.dynsym
 *(.dynsym)

.dynstr
 *(.dynstr)

.gnu.version
 *(.gnu.version)

.gnu.version_d
 *(.gnu.version_d)

.gnu.version_r
 *(.gnu.version_r)

.rel.init
 *(.rel.init)

.rela.init
 *(.rela.init)

.rel.text
 *(.rel.text)
 *(.rel.text.*)
 *(.rel.gnu.linkonce.t*)

.rela.text
 *(.rela.text)
 *(.rela.text.*)
 *(.rela.gnu.linkonce.t*)

.rel.fini
 *(.rel.fini)

.rela.fini
 *(.rela.fini)

.rel.rodata
 *(.rel.rodata)
 *(.rel.rodata.*)
 *(.rel.gnu.linkonce.r*)

.rela.rodata
 *(.rela.rodata)
 *(.rela.rodata.*)
 *(.rela.gnu.linkonce.r*)

.rel.data
 *(.rel.data)
 *(.rel.data.*)
 *(.rel.gnu.linkonce.d*)

.rela.data
 *(.rela.data)
 *(.rela.data.*)
 *(.rela.gnu.linkonce.d*)

.rel.ctors
 *(.rel.ctors)

.rela.ctors
 *(.rela.ctors)

.rel.dtors
 *(.rel.dtors)

.rela.dtors
 *(.rela.dtors)

.rel.got
 *(.rel.got)

.rela.got
 *(.rela.got)

.rel.bss
 *(.rel.bss)

.rela.bss
 *(.rela.bss)

.rel.plt
 *(.rel.plt)

.rela.plt
 *(.rela.plt)

.text           0x00000000     0x111a
 *(.vectors)
 .vectors       0x00000000       0x54 C:/Program Files (x86)/Atmel/Studio/7.0/Packs/atmel/ATmega_DFP/1.6.364/gcc/dev/atmega32/avr5/crtatmega32.o
                0x00000000                __vector_default
                0x00000000                __vectors
 *(.vectors)
 *(.progmem.gcc*)
                0x00000054                . = ALIGN (0x2)
                0x00000054                __trampolines_start = .
 *(.trampolines)
 .trampolines   0x00000054        0x0 linker stubs
 *(.trampolines*)
                0x00000054                __trampolines_end = .
 *libprintf_flt.a:*(.progmem.data)
 *libc.a:*(.progmem.data)
 .progmem.data  0x00000054       0xfa c:/program files (x86)/atmel/studio/7.0/toolchain/avr8/avr8-gnu-toolchain/bin/../lib/gcc/avr/5.4.0/../../../../avr/lib/avr5\libc.a(ftoa_engine.o)
 *(.progmem*)
                0x0000014e                . = ALIGN (0x2)
 *(.jumptables)
 *(.jumptables*)
 *(.lowtext)
 *(.lowtext*)
                0x0000014e                __ctors_start = .
 *(.ctors)
                0x0000014e                __ctors_end = .
                0x0000014e                __dtors_start = .
 *(.dtors)
                0x0000014e                __dtors_end = .
 SORT(*)(.ctors)
 SORT(*)(.dtors)
 *(.init0)
 .init0         0x0000014e        0x0 C:/Program Files (x86)/Atmel/Studio/7.0/Packs/atmel/ATmega_DFP/1.6.364/gcc/dev/atmega32/avr5/crtatmega32.o
                0x0000014e                __init
 *(.init0)
 *(.init1)
 *(.init1)
 *(.init2)
 .init2         0x0000014e        0xc C:/Program Files (x86)/Atmel/Studio/7.0/Packs/atmel/ATmega_DFP/1.6.364/gcc/dev/atmega32/avr5/crtatmega32.o
 *(.init2)
 *(.init3)
 *(.init3)
 *(.init4)
 .init4         0x0000015a       0x16 c:/program files (x86)/atmel/studio/7.0/toolchain/avr8/avr8-gnu-toolchain/bin/../lib/gcc/avr/5.4.0/avr5\libgcc.a(_copy_data.o)
                0x0000015a                __do_copy_data
 .init4         0x00000170       0x10 c:/program files (x86)/atmel/studio/7.0/toolchain/avr8/avr8-gnu-toolchain/bin/../lib/gcc/avr/5.4.0/avr5\libgcc.a(_clear_bss.o)
                0x00000170                __do_clear_bss
 *(.init4)
 *(.init5)
 *(.init5)
 *(.init6)
 *(.init6)
 *(.init7)
 *(.init7)
 *(.init8)
 *(.init8)
 *(.init9)
 .init9         0x00000180        0x4 C:/Program Files (x86)/Atmel/Studio/7.0/Packs/atmel/ATmega_DFP/1.6.364/gcc/dev/atmega32/avr5/crtatmega32.o
 *(.init9)
 *(.text)
 .text          0x00000184        0x2 C:/Program Files (x86)/Atmel/Studio/7.0/Packs/atmel/ATmega_DFP/1.6.364/gcc/dev/atmega32/avr5/crtatmega32.o
                0x00000184                __vector_12
                0x00000184                __bad_interrupt
                0x00000184                __vector_6
                0x00000184                __vector_13
                0x00000184                __vector_17
                0x00000184                __vector_19
                0x00000184                __vector_7
                0x00000184                __vector_5
                0x00000184                __vector_4
                0x00000184                __vector_15
                0x00000184                __vector_8
                0x00000184                __vector_14
                0x00000184                __vector_16
                0x00000184                __vector_18
                0x00000184                __vector_20
                0x00000186                . = ALIGN (0x2)
 *(.text.*)
 .text.adc_init
                0x00000186        0xe ADC/ADC_program.o
                0x00000186                adc_init
 .text.ADC_READ
                0x00000194       0x1a ADC/ADC_program.o
                0x00000194                ADC_READ
 .text.DIREC    0x000001ae      0x100 basics/PINS_Direction.o
                0x000001ae                DIREC
 .text.__vector_1
                0x000002ae       0x4e interrupt/External_interrupt.o
                0x000002ae                __vector_1
 .text.__vector_2
                0x000002fc       0x4e interrupt/External_interrupt.o
                0x000002fc                __vector_2
 .text.__vector_3
                0x0000034a       0x4e interrupt/External_interrupt.o
                0x0000034a                __vector_3
 .text.lcd_send_command
                0x00000398       0x4c LCCD/LCD_PROGRAM.o
                0x00000398                lcd_send_command
 .text.lcd_init
                0x000003e4       0x50 LCCD/LCD_PROGRAM.o
                0x000003e4                lcd_init
 .text.lcd_write_character
                0x00000434       0x4c LCCD/LCD_PROGRAM.o
                0x00000434                lcd_write_character
 .text.lcd_write_word
                0x00000480       0x1c LCCD/LCD_PROGRAM.o
                0x00000480                lcd_write_word
 .text.lcd_clear
                0x0000049c       0x12 LCCD/LCD_PROGRAM.o
                0x0000049c                lcd_clear
 .text.lcd_goto_xy
                0x000004ae       0x18 LCCD/LCD_PROGRAM.o
                0x000004ae                lcd_goto_xy
 .text.lcd_set_courser
                0x000004c6       0x18 LCCD/LCD_PROGRAM.o
                0x000004c6                lcd_set_courser
 .text.Requestt
                0x000004de       0x1a main.o
                0x000004de                Requestt
 .text.Responsee
                0x000004f8       0x10 main.o
                0x000004f8                Responsee
 .text.Receive_dataa
                0x00000508       0x38 main.o
                0x00000508                Receive_dataa
 .text.int_Dhtt
                0x00000540      0x10e main.o
                0x00000540                int_Dhtt
 .text.soil     0x0000064e       0xa4 main.o
                0x0000064e                soil
 .text.rain     0x000006f2       0x2c main.o
                0x000006f2                rain
 .text.main     0x0000071e       0x22 main.o
                0x0000071e                main
 .text.__vector_11
                0x00000740       0x4e Timer/timer.o
                0x00000740                __vector_11
 .text.__vector_10
                0x0000078e       0x4e Timer/timer.o
                0x0000078e                __vector_10
 .text.__vector_9
                0x000007dc       0x4e Timer/timer.o
                0x000007dc                __vector_9
 .text.avr-libc.fplib
                0x0000082a        0xa c:/program files (x86)/atmel/studio/7.0/toolchain/avr8/avr8-gnu-toolchain/bin/../lib/gcc/avr/5.4.0/../../../../avr/lib/avr5\libm.a(addsf3.o)
                0x0000082a                __subsf3
                0x0000082c                __addsf3
 .text.avr-libc.fplib
                0x00000834       0xc0 c:/program files (x86)/atmel/studio/7.0/toolchain/avr8/avr8-gnu-toolchain/bin/../lib/gcc/avr/5.4.0/../../../../avr/lib/avr5\libm.a(addsf3x.o)
                0x0000084e                __addsf3x
 .text.avr-libc.fplib
                0x000008f4        0x4 c:/program files (x86)/atmel/studio/7.0/toolchain/avr8/avr8-gnu-toolchain/bin/../lib/gcc/avr/5.4.0/../../../../avr/lib/avr5\libm.a(divsf3.o)
                0x000008f4                __divsf3
 .text.avr-libc.fplib
                0x000008f8       0xcc c:/program files (x86)/atmel/studio/7.0/toolchain/avr8/avr8-gnu-toolchain/bin/../lib/gcc/avr/5.4.0/../../../../avr/lib/avr5\libm.a(divsf3x.o)
                0x0000090e                __divsf3x
                0x00000912                __divsf3_pse
 .text.avr-libc.fplib
                0x000009c4       0x7a c:/program files (x86)/atmel/studio/7.0/toolchain/avr8/avr8-gnu-toolchain/bin/../lib/gcc/avr/5.4.0/../../../../avr/lib/avr5\libm.a(floatsisf.o)
                0x000009c4                __floatunsisf
                0x000009c8                __floatsisf
 .text.avr-libc.fplib
                0x00000a3e        0xc c:/program files (x86)/atmel/studio/7.0/toolchain/avr8/avr8-gnu-toolchain/bin/../lib/gcc/avr/5.4.0/../../../../avr/lib/avr5\libm.a(fp_inf.o)
                0x00000a3e                __fp_inf
 .text.avr-libc.fplib
                0x00000a4a        0x6 c:/program files (x86)/atmel/studio/7.0/toolchain/avr8/avr8-gnu-toolchain/bin/../lib/gcc/avr/5.4.0/../../../../avr/lib/avr5\libm.a(fp_nan.o)
                0x00000a4a                __fp_nan
 .text.avr-libc.fplib
                0x00000a50        0xe c:/program files (x86)/atmel/studio/7.0/toolchain/avr8/avr8-gnu-toolchain/bin/../lib/gcc/avr/5.4.0/../../../../avr/lib/avr5\libm.a(fp_pscA.o)
                0x00000a50                __fp_pscA
 .text.avr-libc.fplib
                0x00000a5e        0xe c:/program files (x86)/atmel/studio/7.0/toolchain/avr8/avr8-gnu-toolchain/bin/../lib/gcc/avr/5.4.0/../../../../avr/lib/avr5\libm.a(fp_pscB.o)
                0x00000a5e                __fp_pscB
 .text.avr-libc.fplib
                0x00000a6c       0x22 c:/program files (x86)/atmel/studio/7.0/toolchain/avr8/avr8-gnu-toolchain/bin/../lib/gcc/avr/5.4.0/../../../../avr/lib/avr5\libm.a(fp_round.o)
                0x00000a6c                __fp_round
 .text.avr-libc.fplib
                0x00000a8e       0x44 c:/program files (x86)/atmel/studio/7.0/toolchain/avr8/avr8-gnu-toolchain/bin/../lib/gcc/avr/5.4.0/../../../../avr/lib/avr5\libm.a(fp_split3.o)
                0x00000a8e                __fp_split3
                0x00000a9e                __fp_splitA
 .text.avr-libc.fplib
                0x00000ad2        0xe c:/program files (x86)/atmel/studio/7.0/toolchain/avr8/avr8-gnu-toolchain/bin/../lib/gcc/avr/5.4.0/../../../../avr/lib/avr5\libm.a(fp_zero.o)
                0x00000ad2                __fp_zero
                0x00000ad4                __fp_szero
 .text.avr-libc.fplib
                0x00000ae0        0x4 c:/program files (x86)/atmel/studio/7.0/toolchain/avr8/avr8-gnu-toolchain/bin/../lib/gcc/avr/5.4.0/../../../../avr/lib/avr5\libm.a(mulsf3.o)
                0x00000ae0                __mulsf3
 .text.avr-libc.fplib
                0x00000ae4       0xc2 c:/program files (x86)/atmel/studio/7.0/toolchain/avr8/avr8-gnu-toolchain/bin/../lib/gcc/avr/5.4.0/../../../../avr/lib/avr5\libm.a(mulsf3x.o)
                0x00000af8                __mulsf3x
                0x00000afc                __mulsf3_pse
 .text.avr-libc
                0x00000ba6       0x3e c:/program files (x86)/atmel/studio/7.0/toolchain/avr8/avr8-gnu-toolchain/bin/../lib/gcc/avr/5.4.0/../../../../avr/lib/avr5\libc.a(dtostrf.o)
                0x00000ba6                dtostrf
 .text.avr-libc
                0x00000be4       0x14 c:/program files (x86)/atmel/studio/7.0/toolchain/avr8/avr8-gnu-toolchain/bin/../lib/gcc/avr/5.4.0/../../../../avr/lib/avr5\libc.a(itoa_ncheck.o)
                0x00000be4                __itoa_ncheck
 .text.avr-libc
                0x00000bf8       0x32 c:/program files (x86)/atmel/studio/7.0/toolchain/avr8/avr8-gnu-toolchain/bin/../lib/gcc/avr/5.4.0/../../../../avr/lib/avr5\libc.a(utoa_ncheck.o)
                0x00000bf8                __utoa_ncheck
                0x00000bfa                __utoa_common
 .text.avr-libc
                0x00000c2a      0x2ae c:/program files (x86)/atmel/studio/7.0/toolchain/avr8/avr8-gnu-toolchain/bin/../lib/gcc/avr/5.4.0/../../../../avr/lib/avr5\libc.a(dtoa_prf.o)
                0x00000c2a                dtoa_prf
 .text.avr-libc
                0x00000ed8      0x1b0 c:/program files (x86)/atmel/studio/7.0/toolchain/avr8/avr8-gnu-toolchain/bin/../lib/gcc/avr/5.4.0/../../../../avr/lib/avr5\libc.a(ftoa_engine.o)
                0x00000ed8                __ftoa_engine
 .text.avr-libc
                0x00001088       0x20 c:/program files (x86)/atmel/studio/7.0/toolchain/avr8/avr8-gnu-toolchain/bin/../lib/gcc/avr/5.4.0/../../../../avr/lib/avr5\libc.a(strrev.o)
                0x00001088                strrev
 .text.libgcc.prologue
                0x000010a8       0x38 c:/program files (x86)/atmel/studio/7.0/toolchain/avr8/avr8-gnu-toolchain/bin/../lib/gcc/avr/5.4.0/avr5\libgcc.a(_prologue.o)
                0x000010a8                __prologue_saves__
 .text.libgcc.prologue
                0x000010e0       0x36 c:/program files (x86)/atmel/studio/7.0/toolchain/avr8/avr8-gnu-toolchain/bin/../lib/gcc/avr/5.4.0/avr5\libgcc.a(_epilogue.o)
                0x000010e0                __epilogue_restores__
                0x00001116                . = ALIGN (0x2)
 *(.fini9)
 .fini9         0x00001116        0x0 c:/program files (x86)/atmel/studio/7.0/toolchain/avr8/avr8-gnu-toolchain/bin/../lib/gcc/avr/5.4.0/avr5\libgcc.a(_exit.o)
                0x00001116                _exit
                0x00001116                exit
 *(.fini9)
 *(.fini8)
 *(.fini8)
 *(.fini7)
 *(.fini7)
 *(.fini6)
 *(.fini6)
 *(.fini5)
 *(.fini5)
 *(.fini4)
 *(.fini4)
 *(.fini3)
 *(.fini3)
 *(.fini2)
 *(.fini2)
 *(.fini1)
 *(.fini1)
 *(.fini0)
 .fini0         0x00001116        0x4 c:/program files (x86)/atmel/studio/7.0/toolchain/avr8/avr8-gnu-toolchain/bin/../lib/gcc/avr/5.4.0/avr5\libgcc.a(_exit.o)
 *(.fini0)
                0x0000111a                _etext = .

.data           0x00800060       0xc6 load address 0x0000111a
                0x00800060                PROVIDE (__data_start, .)
 *(.data)
 *(.data*)
 .data.pins     0x00800060       0x80 basics/PINS_Direction.o
                0x00800060                pins
 *(.gnu.linkonce.d*)
 *(.rodata)
 *(.rodata*)
 .rodata.str1.1
                0x008000e0       0x45 main.o
 *(.gnu.linkonce.r*)
                0x00800126                . = ALIGN (0x2)
 *fill*         0x00800125        0x1 
                0x00800126                _edata = .
                0x00800126                PROVIDE (__data_end, .)

.bss            0x00800126       0x12
                0x00800126                PROVIDE (__bss_start, .)
 *(.bss)
 *(.bss*)
 .bss.c         0x00800126        0x1 main.o
                0x00800126                c
 *(COMMON)
 COMMON         0x00800127        0x6 interrupt/External_interrupt.o
                0x00800127                p2f0
                0x00800129                p2f1
                0x0080012b                p2f2
 COMMON         0x0080012d        0x5 main.o
                0x0080012d                D_RH
                0x0080012e                CheckSum
                0x0080012f                I_Temp
                0x00800130                I_RH
                0x00800131                D_Temp
 COMMON         0x00800132        0x6 Timer/timer.o
                0x00800132                p3f
                0x00800134                p4f
                0x00800136                p2f
                0x00800138                PROVIDE (__bss_end, .)
                0x0000111a                __data_load_start = LOADADDR (.data)
                0x000011e0                __data_load_end = (__data_load_start + SIZEOF (.data))

.noinit         0x00800138        0x0
                [!provide]                PROVIDE (__noinit_start, .)
 *(.noinit*)
                [!provide]                PROVIDE (__noinit_end, .)
                0x00800138                _end = .
                [!provide]                PROVIDE (__heap_start, .)

.eeprom         0x00810000        0x0
 *(.eeprom*)
                0x00810000                __eeprom_end = .

.fuse
 *(.fuse)
 *(.lfuse)
 *(.hfuse)
 *(.efuse)

.lock
 *(.lock*)

.signature
 *(.signature*)

.user_signatures
 *(.user_signatures*)

.stab
 *(.stab)

.stabstr
 *(.stabstr)

.stab.excl
 *(.stab.excl)

.stab.exclstr
 *(.stab.exclstr)

.stab.index
 *(.stab.index)

.stab.indexstr
 *(.stab.indexstr)

.comment        0x00000000       0x30
 *(.comment)
 .comment       0x00000000       0x30 ADC/ADC_program.o
                                 0x31 (size before relaxing)
 .comment       0x00000030       0x31 basics/PINS_Direction.o
 .comment       0x00000030       0x31 interrupt/External_interrupt.o
 .comment       0x00000030       0x31 LCCD/LCD_PROGRAM.o
 .comment       0x00000030       0x31 main.o
 .comment       0x00000030       0x31 Timer/timer.o
 .comment       0x00000030       0x31 c:/program files (x86)/atmel/studio/7.0/toolchain/avr8/avr8-gnu-toolchain/bin/../lib/gcc/avr/5.4.0/../../../../avr/lib/avr5\libc.a(dtostrf.o)
 .comment       0x00000030       0x31 c:/program files (x86)/atmel/studio/7.0/toolchain/avr8/avr8-gnu-toolchain/bin/../lib/gcc/avr/5.4.0/../../../../avr/lib/avr5\libc.a(dtoa_prf.o)

.note.gnu.avr.deviceinfo
                0x00000000       0x3c
 .note.gnu.avr.deviceinfo
                0x00000000       0x3c C:/Program Files (x86)/Atmel/Studio/7.0/Packs/atmel/ATmega_DFP/1.6.364/gcc/dev/atmega32/avr5/crtatmega32.o

.note.gnu.build-id
 *(.note.gnu.build-id)

.debug
 *(.debug)

.line
 *(.line)

.debug_srcinfo
 *(.debug_srcinfo)

.debug_sfnames
 *(.debug_sfnames)

.debug_aranges  0x00000000      0x1b0
 *(.debug_aranges)
 .debug_aranges
                0x00000000       0x28 ADC/ADC_program.o
 .debug_aranges
                0x00000028       0x20 basics/PINS_Direction.o
 .debug_aranges
                0x00000048       0x50 interrupt/External_interrupt.o
 .debug_aranges
                0x00000098       0x50 LCCD/LCD_PROGRAM.o
 .debug_aranges
                0x000000e8       0x50 main.o
 .debug_aranges
                0x00000138       0x78 Timer/timer.o

.debug_pubnames
 *(.debug_pubnames)

.debug_info     0x00000000     0x1a35
 *(.debug_info .gnu.linkonce.wi.*)
 .debug_info    0x00000000      0x4e6 C:/Program Files (x86)/Atmel/Studio/7.0/Packs/atmel/ATmega_DFP/1.6.364/gcc/dev/atmega32/avr5/crtatmega32.o
 .debug_info    0x000004e6       0xca ADC/ADC_program.o
 .debug_info    0x000005b0      0x1da basics/PINS_Direction.o
 .debug_info    0x0000078a      0x19c interrupt/External_interrupt.o
 .debug_info    0x00000926      0x5f8 LCCD/LCD_PROGRAM.o
 .debug_info    0x00000f1e      0x8d1 main.o
 .debug_info    0x000017ef      0x246 Timer/timer.o

.debug_abbrev   0x00000000      0xbb9
 *(.debug_abbrev)
 .debug_abbrev  0x00000000      0x4a3 C:/Program Files (x86)/Atmel/Studio/7.0/Packs/atmel/ATmega_DFP/1.6.364/gcc/dev/atmega32/avr5/crtatmega32.o
 .debug_abbrev  0x000004a3       0x7d ADC/ADC_program.o
 .debug_abbrev  0x00000520       0xf0 basics/PINS_Direction.o
 .debug_abbrev  0x00000610       0xb6 interrupt/External_interrupt.o
 .debug_abbrev  0x000006c6      0x18b LCCD/LCD_PROGRAM.o
 .debug_abbrev  0x00000851      0x294 main.o
 .debug_abbrev  0x00000ae5       0xd4 Timer/timer.o

.debug_line     0x00000000     0x1c3e
 *(.debug_line .debug_line.* .debug_line_end)
 .debug_line    0x00000000      0x116 C:/Program Files (x86)/Atmel/Studio/7.0/Packs/atmel/ATmega_DFP/1.6.364/gcc/dev/atmega32/avr5/crtatmega32.o
 .debug_line    0x00000116      0x2ed ADC/ADC_program.o
 .debug_line    0x00000403      0x2eb basics/PINS_Direction.o
 .debug_line    0x000006ee      0x396 interrupt/External_interrupt.o
 .debug_line    0x00000a84      0x4d1 LCCD/LCD_PROGRAM.o
 .debug_line    0x00000f55      0x87c main.o
 .debug_line    0x000017d1      0x46d Timer/timer.o

.debug_frame    0x00000000      0x4a8
 *(.debug_frame)
 .debug_frame   0x00000000       0x34 ADC/ADC_program.o
 .debug_frame   0x00000034       0x24 basics/PINS_Direction.o
 .debug_frame   0x00000058      0x15c interrupt/External_interrupt.o
 .debug_frame   0x000001b4       0x90 LCCD/LCD_PROGRAM.o
 .debug_frame   0x00000244       0xb8 main.o
 .debug_frame   0x000002fc      0x1ac Timer/timer.o

.debug_str      0x00000000     0x8930
 *(.debug_str)
 .debug_str     0x00000000      0x196 C:/Program Files (x86)/Atmel/Studio/7.0/Packs/atmel/ATmega_DFP/1.6.364/gcc/dev/atmega32/avr5/crtatmega32.o
 .debug_str     0x00000196     0x702f ADC/ADC_program.o
                               0x729e (size before relaxing)
 .debug_str     0x000071c5       0x88 basics/PINS_Direction.o
                               0x71d2 (size before relaxing)
 .debug_str     0x0000724d      0x521 interrupt/External_interrupt.o
                               0x762e (size before relaxing)
 .debug_str     0x0000776e      0x627 LCCD/LCD_PROGRAM.o
                               0x7788 (size before relaxing)
 .debug_str     0x00007d95      0xac8 main.o
                               0x87cd (size before relaxing)
 .debug_str     0x0000885d       0xd3 Timer/timer.o
                               0x7b0b (size before relaxing)

.debug_loc      0x00000000      0xd14
 *(.debug_loc)
 .debug_loc     0x00000000       0x21 ADC/ADC_program.o
 .debug_loc     0x00000021       0x14 basics/PINS_Direction.o
 .debug_loc     0x00000035      0x261 interrupt/External_interrupt.o
 .debug_loc     0x00000296      0x55c LCCD/LCD_PROGRAM.o
 .debug_loc     0x000007f2      0x2a0 main.o
 .debug_loc     0x00000a92      0x282 Timer/timer.o

.debug_macinfo
 *(.debug_macinfo)

.debug_weaknames
 *(.debug_weaknames)

.debug_funcnames
 *(.debug_funcnames)

.debug_typenames
 *(.debug_typenames)

.debug_varnames
 *(.debug_varnames)

.debug_pubtypes
 *(.debug_pubtypes)

.debug_ranges   0x00000000      0x150
 *(.debug_ranges)
 .debug_ranges  0x00000000       0x18 ADC/ADC_program.o
 .debug_ranges  0x00000018       0x10 basics/PINS_Direction.o
 .debug_ranges  0x00000028       0x40 interrupt/External_interrupt.o
 .debug_ranges  0x00000068       0x40 LCCD/LCD_PROGRAM.o
 .debug_ranges  0x000000a8       0x40 main.o
 .debug_ranges  0x000000e8       0x68 Timer/timer.o

.debug_macro    0x00000000     0x2e9a
 *(.debug_macro)
 .debug_macro   0x00000000       0xdf ADC/ADC_program.o
 .debug_macro   0x000000df      0xa4e ADC/ADC_program.o
 .debug_macro   0x00000b2d       0x10 ADC/ADC_program.o
 .debug_macro   0x00000b3d       0x10 ADC/ADC_program.o
 .debug_macro   0x00000b4d      0x1c9 ADC/ADC_program.o
 .debug_macro   0x00000d16      0x2fc ADC/ADC_program.o
 .debug_macro   0x00001012       0x9e ADC/ADC_program.o
 .debug_macro   0x000010b0      0xc24 ADC/ADC_program.o
 .debug_macro   0x00001cd4      0x170 ADC/ADC_program.o
 .debug_macro   0x00001e44       0xbd ADC/ADC_program.o
 .debug_macro   0x00001f01       0x34 ADC/ADC_program.o
 .debug_macro   0x00001f35       0x18 ADC/ADC_program.o
 .debug_macro   0x00001f4d       0x6c ADC/ADC_program.o
 .debug_macro   0x00001fb9      0x2dc ADC/ADC_program.o
 .debug_macro   0x00002295       0x22 ADC/ADC_program.o
 .debug_macro   0x000022b7      0x27b ADC/ADC_program.o
 .debug_macro   0x00002532       0x10 ADC/ADC_program.o
 .debug_macro   0x00002542       0x5e ADC/ADC_program.o
 .debug_macro   0x000025a0       0xc6 basics/PINS_Direction.o
 .debug_macro   0x00002666       0xee interrupt/External_interrupt.o
 .debug_macro   0x00002754       0x63 interrupt/External_interrupt.o
 .debug_macro   0x000027b7       0x40 interrupt/External_interrupt.o
 .debug_macro   0x000027f7      0x106 LCCD/LCD_PROGRAM.o
 .debug_macro   0x000028fd      0x22f main.o
 .debug_macro   0x00002b2c       0x10 main.o
 .debug_macro   0x00002b3c       0x69 main.o
 .debug_macro   0x00002ba5       0x9a main.o
 .debug_macro   0x00002c3f       0x70 main.o
 .debug_macro   0x00002caf       0x16 main.o
 .debug_macro   0x00002cc5       0x20 main.o
 .debug_macro   0x00002ce5      0x10b Timer/timer.o
 .debug_macro   0x00002df0       0xaa Timer/timer.o
OUTPUT(project.elf elf32-avr)
LOAD linker stubs
